Component: ARM Compiler 6.16 Tool: armlink [5dfeaa00]

==============================================================================

Loading Objects.

Loading object BUILD/NUCLEO_F401RE/ARMC6/main.o.
Adding cpp init reference.              reference :  __cpp_initialize__aeabi_
              definition:  S1
              definition:  S3
              definition:  updateDisplay()
              definition:  shiftOut(char)
              weak defn :  mbed::DigitalOut::write(int)
              weak defn :  mbed::DigitalOut::DigitalOut__sub_object(PinName)
              weak defn :  mbed::DigitalOut::operator=(int)
              reference :  mbed::TimerEvent::~TimerEvent__sub_object()
              reference :  mbed::Timer::read()
              reference :  mbed::Timer::reset()
              reference :  mbed::Timer::start()
              reference :  mbed::Timer::Timer()
              reference :  mbed::Timer::~Timer()
              reference :  mbed::Ticker::detach()
              reference :  mbed::Ticker::attach_us(mbed::Callback<void ()>, unsigned long long)
              reference :  mbed::Ticker::Ticker()
              weak defn :  mbed::Ticker::~Ticker__sub_object()
              reference :  mbed::AnalogIn::read()
              reference :  mbed::AnalogIn::AnalogIn(PinName)
              weak defn :  void mbed::Callback<void ()>::function_call<void (*)()>(void const*)
              weak defn :  void mbed::Callback<void ()>::function_dtor<void (*)()>(void*)
              weak defn :  void mbed::Callback<void ()>::function_move<void (*)()>(void*, void const*)
              weak defn :  void mbed::Callback<void ()>::generate<void (*)()>(void (* const&)())
              weak defn :  mbed::Callback<void ()>::Callback__sub_object(void (*)())
              weak defn :  mbed::Callback<void ()>::~Callback__sub_object()
              reference :  mbed::DigitalIn::mode(PinMode)
              weak defn :  mbed::DigitalIn::read()
              weak defn :  mbed::DigitalIn::DigitalIn__sub_object(PinName)
              reference :  vtable for mbed::Ticker
              weak defn :  void mbed::Callback<void ()>::generate<void (*)()>(void (* const&)())::ops
              definition:  __ARM_use_no_argv
              reference :  __aeabi_d2f
              reference :  __aeabi_dmul
              reference :  __aeabi_f2d
              reference :  __cxa_atexit
              reference :  __dso_handle
              weak defn :  _wait_us_inline
              reference :  _wait_us_ticks
              definition:  clockPin
              definition:  current_digit
              definition:  data
              definition:  displayTicker
              reference :  gpio_init_in
              reference :  gpio_init_out
              definition:  latch
              definition:  main
              definition:  minutes
              definition:  pot
              definition:  seconds
              definition:  timer
Loading object BUILD/NUCLEO_F401RE/ARMC6/mbed-os/cmsis/TARGET_CORTEX_M/mbed_tz_context.o.
Loading object BUILD/NUCLEO_F401RE/ARMC6/mbed-os/drivers/source/AnalogIn.o.
              weak defn :  PlatformMutex* core_util_atomic_load<PlatformMutex>(PlatformMutex* const*)
              weak defn :  void core_util_atomic_store<PlatformMutex>(PlatformMutex**, PlatformMutex*)
              weak defn :  PlatformMutex::lock()
              weak defn :  PlatformMutex::unlock()
              weak defn :  PlatformMutex::PlatformMutex__sub_object()
              weak defn :  mbed::AnalogIn::lock()
              definition:  mbed::AnalogIn::read()
              definition:  mbed::AnalogIn::_mutex
              weak defn :  mbed::AnalogIn::unlock()
              definition:  mbed::AnalogIn::read_u16()
              definition:  mbed::AnalogIn::AnalogIn(PinName)
              definition:  mbed::AnalogIn::AnalogIn(PinMap const&)
              definition:  mbed::AnalogIn::AnalogIn__sub_object(PinName)
              definition:  mbed::AnalogIn::AnalogIn__sub_object(PinMap const&)
              weak defn :  mbed::AnalogIn::~AnalogIn__deallocating()
              weak defn :  mbed::AnalogIn::~AnalogIn__sub_object()
              weak defn :  SingletonPtr<PlatformMutex>::get() const
              weak defn :  SingletonPtr<PlatformMutex>::operator->() const
              weak defn :  vtable for mbed::AnalogIn
              reference :  operator delete(void*)
              reference :  analogin_init
              reference :  analogin_init_direct
              reference :  analogin_read
              reference :  analogin_read_u16
              reference :  mbed_assert_internal
Loading object BUILD/NUCLEO_F401RE/ARMC6/mbed-os/drivers/source/AnalogOut.o.
Loading object BUILD/NUCLEO_F401RE/ARMC6/mbed-os/drivers/source/BusIn.o.
              weak defn :  PlatformMutex::~PlatformMutex__sub_object()
              definition:  mbed::BusIn::lock()
              definition:  mbed::BusIn::mode(PinMode)
              definition:  mbed::BusIn::read()
[...]
Renaming symbol __printf to ___printf$base.
Renaming symbol __printf$flags$sizespec$widthprec to __printf.
Renaming symbol __I$use$heap_region to __heap_region$guard.
Renaming symbol __ARM_get_argv to __ARM_get_argv$full.
Renaming symbol __ARM_get_argv$stub to __ARM_get_argv.
Renaming symbol __rt_SIGCPPL_inner to __rt_SIGCPPL_inner$real.
Renaming symbol __rt_SIGCPPL_inner$null to __rt_SIGCPPL_inner.
Renaming symbol __rt_SIGILL_inner to __rt_SIGILL_inner$real.
Renaming symbol __rt_SIGILL_inner$null to __rt_SIGILL_inner.
Renaming symbol __rt_SIGINT_inner to __rt_SIGINT_inner$real.
Renaming symbol __rt_SIGINT_inner$null to __rt_SIGINT_inner.
Renaming symbol __rt_SIGPVFN_inner to __rt_SIGPVFN_inner$real.
Renaming symbol __rt_SIGPVFN_inner$null to __rt_SIGPVFN_inner.
Renaming symbol __rt_SIGSEGV_inner to __rt_SIGSEGV_inner$real.
Renaming symbol __rt_SIGSEGV_inner$null to __rt_SIGSEGV_inner.
Renaming symbol __rt_SIGSTAK_inner to __rt_SIGSTAK_inner$real.
Renaming symbol __rt_SIGSTAK_inner$null to __rt_SIGSTAK_inner.
Renaming symbol __rt_SIGTERM_inner to __rt_SIGTERM_inner$real.
Renaming symbol __rt_SIGTERM_inner$null to __rt_SIGTERM_inner.
Renaming symbol __rt_SIGUSR1_inner to __rt_SIGUSR1_inner$real.
Renaming symbol __rt_SIGUSR1_inner$null to __rt_SIGUSR1_inner.
Renaming symbol __rt_SIGUSR2_inner to __rt_SIGUSR2_inner$real.
Renaming symbol __rt_SIGUSR2_inner$null to __rt_SIGUSR2_inner.
Renaming symbol __rt_sigother_inner to __rt_sigother_inner$real.
Renaming symbol __rt_sigother_inner$null to __rt_sigother_inner.
Renaming symbol __rt_lib_init_alloca_1 to $$Temp.
Renaming symbol __rt_lib_init_alloca_2 to __rt_lib_init_alloca_1.
Renaming symbol $$Temp to __rt_lib_init_alloca_2.
Renaming symbol __rt_lib_init_argv_1 to $$Temp.
Renaming symbol __rt_lib_init_argv_2 to __rt_lib_init_argv_1.
Renaming symbol $$Temp to __rt_lib_init_argv_2.
Renaming symbol __rt_lib_init_atexit_1 to $$Temp.
Renaming symbol __rt_lib_init_atexit_2 to __rt_lib_init_atexit_1.
Renaming symbol $$Temp to __rt_lib_init_atexit_2.
Renaming symbol __rt_lib_init_clock_1 to $$Temp.
Renaming symbol __rt_lib_init_clock_2 to __rt_lib_init_clock_1.
Renaming symbol $$Temp to __rt_lib_init_clock_2.
Renaming symbol __rt_lib_init_cpp_1 to $$Temp.
Renaming symbol __rt_lib_init_cpp_2 to __rt_lib_init_cpp_1.
Renaming symbol $$Temp to __rt_lib_init_cpp_2.
Renaming symbol __rt_lib_init_exceptions_1 to $$Temp.
Renaming symbol __rt_lib_init_exceptions_2 to __rt_lib_init_exceptions_1.
Renaming symbol $$Temp to __rt_lib_init_exceptions_2.
Renaming symbol __rt_lib_init_fp_trap_1 to $$Temp.
Renaming symbol __rt_lib_init_fp_trap_2 to __rt_lib_init_fp_trap_1.
Renaming symbol $$Temp to __rt_lib_init_fp_trap_2.
Renaming symbol __rt_lib_init_getenv_1 to $$Temp.
Renaming symbol __rt_lib_init_getenv_2 to __rt_lib_init_getenv_1.
Renaming symbol $$Temp to __rt_lib_init_getenv_2.
Renaming symbol __rt_lib_init_heap_1 to $$Temp.
Renaming symbol __rt_lib_init_heap_2 to __rt_lib_init_heap_1.
Renaming symbol $$Temp to __rt_lib_init_heap_2.
Renaming symbol __rt_lib_init_lc_collate_1 to $$Temp.
Renaming symbol __rt_lib_init_lc_collate_2 to __rt_lib_init_lc_collate_1.
Renaming symbol $$Temp to __rt_lib_init_lc_collate_2.
Renaming symbol __rt_lib_init_lc_ctype_1 to $$Temp.
Renaming symbol __rt_lib_init_lc_ctype_2 to __rt_lib_init_lc_ctype_1.
Renaming symbol $$Temp to __rt_lib_init_lc_ctype_2.
Renaming symbol __rt_lib_init_lc_monetary_1 to $$Temp.
Renaming symbol __rt_lib_init_lc_monetary_2 to __rt_lib_init_lc_monetary_1.
Renaming symbol $$Temp to __rt_lib_init_lc_monetary_2.
Renaming symbol __rt_lib_init_lc_numeric_1 to $$Temp.
Renaming symbol __rt_lib_init_lc_numeric_2 to __rt_lib_init_lc_numeric_1.
Renaming symbol $$Temp to __rt_lib_init_lc_numeric_2.
Renaming symbol __rt_lib_init_lc_time_1 to $$Temp.
Renaming symbol __rt_lib_init_lc_time_2 to __rt_lib_init_lc_time_1.
Renaming symbol $$Temp to __rt_lib_init_lc_time_2.
Renaming symbol __rt_lib_init_preinit_1 to $$Temp.
Renaming symbol __rt_lib_init_preinit_2 to __rt_lib_init_preinit_1.
Renaming symbol $$Temp to __rt_lib_init_preinit_2.
Renaming symbol __rt_lib_init_rand_1 to $$Temp.
Renaming symbol __rt_lib_init_rand_2 to __rt_lib_init_rand_1.
Renaming symbol $$Temp to __rt_lib_init_rand_2.
Renaming symbol __rt_lib_init_signal_1 to $$Temp.
Renaming symbol __rt_lib_init_signal_2 to __rt_lib_init_signal_1.
Renaming symbol $$Temp to __rt_lib_init_signal_2.
Renaming symbol __rt_lib_init_stdio_1 to $$Temp.
Renaming symbol __rt_lib_init_stdio_2 to __rt_lib_init_stdio_1.
Renaming symbol $$Temp to __rt_lib_init_stdio_2.
Renaming symbol __rt_lib_init_user_alloc_1 to $$Temp.
Renaming symbol __rt_lib_init_user_alloc_2 to __rt_lib_init_user_alloc_1.
Renaming symbol $$Temp to __rt_lib_init_user_alloc_2.
Renaming symbol __rt_entry_postli_1 to $$Temp.
Renaming symbol __rt_entry_postli_2 to __rt_entry_postli_1.
Renaming symbol $$Temp to __rt_entry_postli_2.
Renaming symbol __rt_entry_presh_1 to $$Temp.
Renaming symbol __rt_entry_presh_2 to __rt_entry_presh_1.
Renaming symbol $$Temp to __rt_entry_presh_2.
Resolving $Sub$$ and $Super$$ Symbols.
              definition:  $Super$$main
              definition:  $Super$$__rt_lib_init
              definition:  BuildAttributes$$THM_ISAv4$E$P$D$K$B$S$7EM$VFPi3$EXTD16$VFPS$VFMA$PE$A:L22UL41UL21$X:L11$S22US41US21$IEEE1$IW$~IW$USESV6$~STKCKD$USESV7$~SHL$OTIME$ROPI$IEEEX$EBA8$UX$STANDARDLIB$REQ8$PRES8$EABIv2
Building image.
Checking duplicate symbol definitions
Using Worst Fit .ANY placement algorithm.
              reference :  __scatterload_copy
              reference :  __scatterload_zeroinit
              reference :  __scatterload_null
              reference :  __scatterload_rt2
Choosing data area compressor
Data area too small to benefit from compression.
Selecting member __scatter_copy.o(c:\ProgramData\Mbed Studio\mbed-studio-tools\ac6\bin\..\lib\armlib\c_w.l) to define __scatterload_copy.
Selecting member __scatter_zi.o(c:\ProgramData\Mbed Studio\mbed-studio-tools\ac6\bin\..\lib\armlib\c_w.l) to define __scatterload_zeroinit.
Selecting member __scatter.o(c:\ProgramData\Mbed Studio\mbed-studio-tools\ac6\bin\..\lib\armlib\c_w.l) to define __scatterload_null.
Selecting member __scatter.o(c:\ProgramData\Mbed Studio\mbed-studio-tools\ac6\bin\..\lib\armlib\c_w.l) to define __scatterload_rt2.
Loading member c:\ProgramData\Mbed Studio\mbed-studio-tools\ac6\bin\..\lib\armlib\c_w.l(__scatter.o) from c:\ProgramData\Mbed Studio\mbed-studio-tools\ac6\bin\..\lib\armlib\c_w.l.
              definition:  __scatterload
              definition:  __scatterload_rt2
              definition:  __scatterload_rt2_thumb_only
              definition:  __scatterload_null
              reference :  Region$$Table$$Base
              reference :  Region$$Table$$Limit
              reference :  __rt_entry
Loading member c:\ProgramData\Mbed Studio\mbed-studio-tools\ac6\bin\..\lib\armlib\c_w.l(__scatter_copy.o) from c:\ProgramData\Mbed Studio\mbed-studio-tools\ac6\bin\..\lib\armlib\c_w.l.
              definition:  __scatterload_copy
Loading member c:\ProgramData\Mbed Studio\mbed-studio-tools\ac6\bin\..\lib\armlib\c_w.l(__scatter_zi.o) from c:\ProgramData\Mbed Studio\mbed-studio-tools\ac6\bin\..\lib\armlib\c_w.l.
              definition:  __scatterload_zeroinit
Resolving $Sub$$ and $Super$$ Symbols.
Patching/Reducing relocations
Creating output file BUILD/NUCLEO_F401RE/ARMC6/mbed-os-example-blinky-baremetal-5.elf.

==============================================================================

Memory Map of the image

  Image Entry point : 0x08000195

  Load Region LR_IROM1 (Base: 0x08000000, Size: 0x00007500, Max: 0x00080000, ABSOLUTE)

    Execution Region ER_IROM1 (Base: 0x08000000, Size: 0x000074ac, Max: 0x00080000, ABSOLUTE)

    Base Addr    Size         Type   Attr      Idx    E Section Name        Object

    0x08000000   0x00000194   Data   RO         3489    RESET               BUILD/NUCLEO_F401RE/ARMC6/mbed-os/targets/TARGET_STM/TARGET_STM32F4/TARGET_STM32F401xE/device/TOOLCHAIN_ARM_STD/startup_stm32f401xe.o
    0x08000194   0x00000008   Code   RO         7421  * !!!main             c:\ProgramData\Mbed Studio\mbed-studio-tools\ac6\bin\..\lib\armlib\c_w.l(__main.o)
    0x0800019c   0x00000034   Code   RO         7954    !!!scatter          c:\ProgramData\Mbed Studio\mbed-studio-tools\ac6\bin\..\lib\armlib\c_w.l(__scatter.o)
    0x080001d0   0x0000001a   Code   RO         7956    !!handler_copy      c:\ProgramData\Mbed Studio\mbed-studio-tools\ac6\bin\..\lib\armlib\c_w.l(__scatter_copy.o)
    0x080001ea   0x00000002   PAD
    0x080001ec   0x0000001c   Code   RO         7958    !!handler_zi        c:\ProgramData\Mbed Studio\mbed-studio-tools\ac6\bin\..\lib\armlib\c_w.l(__scatter_zi.o)
    0x08000208   0x00000000   Code   RO         7349    .ARM.Collect$$_printf_percent$$00000000  c:\ProgramData\Mbed Studio\mbed-studio-tools\ac6\bin\..\lib\armlib\c_w.l(_printf_percent.o)
    0x08000208   0x00000006   Code   RO         7519    .ARM.Collect$$_printf_percent$$00000001  c:\ProgramData\Mbed Studio\mbed-studio-tools\ac6\bin\..\lib\armlib\c_w.l(_printf_n.o)
    0x0800020e   0x00000006   Code   RO         7347    .ARM.Collect$$_printf_percent$$00000002  c:\ProgramData\Mbed Studio\mbed-studio-tools\ac6\bin\..\lib\armlib\c_w.l(_printf_p.o)
    0x08000214   0x00000006   Code   RO         7524    .ARM.Collect$$_printf_percent$$00000003  c:\ProgramData\Mbed Studio\mbed-studio-tools\ac6\bin\..\lib\armlib\c_w.l(_printf_f.o)
    0x0800021a   0x00000006   Code   RO         7525    .ARM.Collect$$_printf_percent$$00000004  c:\ProgramData\Mbed Studio\mbed-studio-tools\ac6\bin\..\lib\armlib\c_w.l(_printf_e.o)
    0x08000220   0x00000006   Code   RO         7526    .ARM.Collect$$_printf_percent$$00000005  c:\ProgramData\Mbed Studio\mbed-studio-tools\ac6\bin\..\lib\armlib\c_w.l(_printf_g.o)
    0x08000226   0x00000006   Code   RO         7527    .ARM.Collect$$_printf_percent$$00000006  c:\ProgramData\Mbed Studio\mbed-studio-tools\ac6\bin\..\lib\armlib\c_w.l(_printf_a.o)
    0x0800022c   0x0000000a   Code   RO         7532    .ARM.Collect$$_printf_percent$$00000007  c:\ProgramData\Mbed Studio\mbed-studio-tools\ac6\bin\..\lib\armlib\c_w.l(_printf_ll.o)
    0x08000236   0x00000006   Code   RO         7522    .ARM.Collect$$_printf_percent$$00000008  c:\ProgramData\Mbed Studio\mbed-studio-tools\ac6\bin\..\lib\armlib\c_w.l(_printf_i.o)
    0x0800023c   0x00000006   Code   RO         7523    .ARM.Collect$$_printf_percent$$00000009  c:\ProgramData\Mbed Studio\mbed-studio-tools\ac6\bin\..\lib\armlib\c_w.l(_printf_d.o)
    0x08000242   0x00000006   Code   RO         7348    .ARM.Collect$$_printf_percent$$0000000A  c:\ProgramData\Mbed Studio\mbed-studio-tools\ac6\bin\..\lib\armlib\c_w.l(_printf_u.o)
    0x08000248   0x00000006   Code   RO         7521    .ARM.Collect$$_printf_percent$$0000000B  c:\ProgramData\Mbed Studio\mbed-studio-tools\ac6\bin\..\lib\armlib\c_w.l(_printf_o.o)
    0x0800024e   0x00000006   Code   RO         7520    .ARM.Collect$$_printf_percent$$0000000C  c:\ProgramData\Mbed Studio\mbed-studio-tools\ac6\bin\..\lib\armlib\c_w.l(_printf_x.o)
    0x08000254   0x00000006   Code   RO         7529    .ARM.Collect$$_printf_percent$$0000000D  c:\ProgramData\Mbed Studio\mbed-studio-tools\ac6\bin\..\lib\armlib\c_w.l(_printf_lli.o)
    0x0800025a   0x00000006   Code   RO         7530    .ARM.Collect$$_printf_percent$$0000000E  c:\ProgramData\Mbed Studio\mbed-studio-tools\ac6\bin\..\lib\armlib\c_w.l(_printf_lld.o)
    0x08000260   0x00000006   Code   RO         7531    .ARM.Collect$$_printf_percent$$0000000F  c:\ProgramData\Mbed Studio\mbed-studio-tools\ac6\bin\..\lib\armlib\c_w.l(_printf_llu.o)
    0x08000266   0x00000006   Code   RO         7536    .ARM.Collect$$_printf_percent$$00000010  c:\ProgramData\Mbed Studio\mbed-studio-tools\ac6\bin\..\lib\armlib\c_w.l(_printf_llo.o)
    0x0800026c   0x00000006   Code   RO         7537    .ARM.Collect$$_printf_percent$$00000011  c:\ProgramData\Mbed Studio\mbed-studio-tools\ac6\bin\..\lib\armlib\c_w.l(_printf_llx.o)
    0x08000272   0x0000000a   Code   RO         7533    .ARM.Collect$$_printf_percent$$00000012  c:\ProgramData\Mbed Studio\mbed-studio-tools\ac6\bin\..\lib\armlib\c_w.l(_printf_l.o)
    0x0800027c   0x00000006   Code   RO         7517    .ARM.Collect$$_printf_percent$$00000013  c:\ProgramData\Mbed Studio\mbed-studio-tools\ac6\bin\..\lib\armlib\c_w.l(_printf_c.o)
    0x08000282   0x00000006   Code   RO         7518    .ARM.Collect$$_printf_percent$$00000014  c:\ProgramData\Mbed Studio\mbed-studio-tools\ac6\bin\..\lib\armlib\c_w.l(_printf_s.o)
    0x08000288   0x00000006   Code   RO         7534    .ARM.Collect$$_printf_percent$$00000015  c:\ProgramData\Mbed Studio\mbed-studio-tools\ac6\bin\..\lib\armlib\c_w.l(_printf_lc.o)
    0x0800028e   0x00000006   Code   RO         7535    .ARM.Collect$$_printf_percent$$00000016  c:\ProgramData\Mbed Studio\mbed-studio-tools\ac6\bin\..\lib\armlib\c_w.l(_printf_ls.o)
    0x08000294   0x00000004   Code   RO         7528    .ARM.Collect$$_printf_percent$$00000017  c:\ProgramData\Mbed Studio\mbed-studio-tools\ac6\bin\..\lib\armlib\c_w.l(_printf_percent_end.o)
    0x08000298   0x00000002   Code   RO         7420    .ARM.Collect$$libinit$$00000000  c:\ProgramData\Mbed Studio\mbed-studio-tools\ac6\bin\..\lib\armlib\c_w.l(libinit.o)
    0x0800029a   0x00000004   Code   RO         7577    .ARM.Collect$$libinit$$00000001  c:\ProgramData\Mbed Studio\mbed-studio-tools\ac6\bin\..\lib\armlib\c_w.l(libinit2.o)
    0x0800029e   0x00000000   Code   RO         7580    .ARM.Collect$$libinit$$00000004  c:\ProgramData\Mbed Studio\mbed-studio-tools\ac6\bin\..\lib\armlib\c_w.l(libinit2.o)
    0x0800029e   0x00000008   Code   RO         7581    .ARM.Collect$$libinit$$00000005  c:\ProgramData\Mbed Studio\mbed-studio-tools\ac6\bin\..\lib\armlib\c_w.l(libinit2.o)
    0x080002a6   0x00000000   Code   RO         7583    .ARM.Collect$$libinit$$0000000A  c:\ProgramData\Mbed Studio\mbed-studio-tools\ac6\bin\..\lib\armlib\c_w.l(libinit2.o)
    0x080002a6   0x00000000   Code   RO         7585    .ARM.Collect$$libinit$$0000000C  c:\ProgramData\Mbed Studio\mbed-studio-tools\ac6\bin\..\lib\armlib\c_w.l(libinit2.o)
    0x080002a6   0x00000000   Code   RO         7587    .ARM.Collect$$libinit$$0000000E  c:\ProgramData\Mbed Studio\mbed-studio-tools\ac6\bin\..\lib\armlib\c_w.l(libinit2.o)
    0x080002a6   0x00000006   Code   RO         7588    .ARM.Collect$$libinit$$0000000F  c:\ProgramData\Mbed Studio\mbed-studio-tools\ac6\bin\..\lib\armlib\c_w.l(libinit2.o)
    0x080002ac   0x00000000   Code   RO         7590    .ARM.Collect$$libinit$$00000011  c:\ProgramData\Mbed Studio\mbed-studio-tools\ac6\bin\..\lib\armlib\c_w.l(libinit2.o)
    0x080002ac   0x0000000c   Code   RO         7591    .ARM.Collect$$libinit$$00000012  c:\ProgramData\Mbed Studio\mbed-studio-tools\ac6\bin\..\lib\armlib\c_w.l(libinit2.o)
    0x080002b8   0x00000000   Code   RO         7592    .ARM.Collect$$libinit$$00000013  c:\ProgramData\Mbed Studio\mbed-studio-tools\ac6\bin\..\lib\armlib\c_w.l(libinit2.o)
    0x080002b8   0x00000000   Code   RO         7594    .ARM.Collect$$libinit$$00000015  c:\ProgramData\Mbed Studio\mbed-studio-tools\ac6\bin\..\lib\armlib\c_w.l(libinit2.o)
    0x080002b8   0x0000000a   Code   RO         7595    .ARM.Collect$$libinit$$00000016  c:\ProgramData\Mbed Studio\mbed-studio-tools\ac6\bin\..\lib\armlib\c_w.l(libinit2.o)
    0x080002c2   0x00000000   Code   RO         7596    .ARM.Collect$$libinit$$00000017  c:\ProgramData\Mbed Studio\mbed-studio-tools\ac6\bin\..\lib\armlib\c_w.l(libinit2.o)
    0x080002c2   0x00000000   Code   RO         7598    .ARM.Collect$$libinit$$00000019  c:\ProgramData\Mbed Studio\mbed-studio-tools\ac6\bin\..\lib\armlib\c_w.l(libinit2.o)
    0x080002c2   0x00000000   Code   RO         7600    .ARM.Collect$$libinit$$0000001B  c:\ProgramData\Mbed Studio\mbed-studio-tools\ac6\bin\..\lib\armlib\c_w.l(libinit2.o)
    0x080002c2   0x00000000   Code   RO         7602    .ARM.Collect$$libinit$$0000001D  c:\ProgramData\Mbed Studio\mbed-studio-tools\ac6\bin\..\lib\armlib\c_w.l(libinit2.o)
    0x080002c2   0x00000000   Code   RO         7604    .ARM.Collect$$libinit$$0000001F  c:\ProgramData\Mbed Studio\mbed-studio-tools\ac6\bin\..\lib\armlib\c_w.l(libinit2.o)
    0x080002c2   0x00000000   Code   RO         7606    .ARM.Collect$$libinit$$00000021  c:\ProgramData\Mbed Studio\mbed-studio-tools\ac6\bin\..\lib\armlib\c_w.l(libinit2.o)
    0x080002c2   0x00000000   Code   RO         7608    .ARM.Collect$$libinit$$00000023  c:\ProgramData\Mbed Studio\mbed-studio-tools\ac6\bin\..\lib\armlib\c_w.l(libinit2.o)
    0x080002c2   0x00000004   Code   RO         7609    .ARM.Collect$$libinit$$00000024  c:\ProgramData\Mbed Studio\mbed-studio-tools\ac6\bin\..\lib\armlib\c_w.l(libinit2.o)
    0x080002c6   0x00000000   Code   RO         7610    .ARM.Collect$$libinit$$00000025  c:\ProgramData\Mbed Studio\mbed-studio-tools\ac6\bin\..\lib\armlib\c_w.l(libinit2.o)
    0x080002c6   0x00000000   Code   RO         7614    .ARM.Collect$$libinit$$0000002C  c:\ProgramData\Mbed Studio\mbed-studio-tools\ac6\bin\..\lib\armlib\c_w.l(libinit2.o)
    0x080002c6   0x00000000   Code   RO         7616    .ARM.Collect$$libinit$$0000002E  c:\ProgramData\Mbed Studio\mbed-studio-tools\ac6\bin\..\lib\armlib\c_w.l(libinit2.o)
    0x080002c6   0x00000000   Code   RO         7618    .ARM.Collect$$libinit$$00000030  c:\ProgramData\Mbed Studio\mbed-studio-tools\ac6\bin\..\lib\armlib\c_w.l(libinit2.o)
    0x080002c6   0x00000004   Code   RO         7619    .ARM.Collect$$libinit$$00000031  c:\ProgramData\Mbed Studio\mbed-studio-tools\ac6\bin\..\lib\armlib\c_w.l(libinit2.o)
    0x080002ca   0x00000000   Code   RO         7620    .ARM.Collect$$libinit$$00000032  c:\ProgramData\Mbed Studio\mbed-studio-tools\ac6\bin\..\lib\armlib\c_w.l(libinit2.o)
    0x080002ca   0x00000002   Code   RO         7621    .ARM.Collect$$libinit$$00000033  c:\ProgramData\Mbed Studio\mbed-studio-tools\ac6\bin\..\lib\armlib\c_w.l(libinit2.o)
    0x080002cc   0x00000000   Code   RO         7760    .ARM.Collect$$libshutdown$$00000004  c:\ProgramData\Mbed Studio\mbed-studio-tools\ac6\bin\..\lib\armlib\c_w.l(libshutdown2.o)
    0x080002cc   0x00000000   Code   RO         7460    .ARM.Collect$$rtentry$$00000000  c:\ProgramData\Mbed Studio\mbed-studio-tools\ac6\bin\..\lib\armlib\c_w.l(__rtentry.o)
    0x080002cc   0x00000000   Code   RO         7654    .ARM.Collect$$rtentry$$00000002  c:\ProgramData\Mbed Studio\mbed-studio-tools\ac6\bin\..\lib\armlib\c_w.l(__rtentry2.o)
    0x080002cc   0x00000004   Code   RO         7668    .ARM.Collect$$rtentry$$00000007  c:\ProgramData\Mbed Studio\mbed-studio-tools\ac6\bin\..\lib\armlib\c_w.l(__rtentry7.o)
    0x080002d0   0x00000008   Code   RO         7655    .ARM.Collect$$rtentry$$00000008  c:\ProgramData\Mbed Studio\mbed-studio-tools\ac6\bin\..\lib\armlib\c_w.l(__rtentry2.o)
    0x080002d8   0x00000004   Code   RO         7657    .ARM.Collect$$rtentry$$0000000A  c:\ProgramData\Mbed Studio\mbed-studio-tools\ac6\bin\..\lib\armlib\c_w.l(__rtentry2.o)
    0x080002dc   0x00000000   Code   RO         7659    .ARM.Collect$$rtentry$$0000000C  c:\ProgramData\Mbed Studio\mbed-studio-tools\ac6\bin\..\lib\armlib\c_w.l(__rtentry2.o)
    0x080002dc   0x00000008   Code   RO         7660    .ARM.Collect$$rtentry$$0000000D  c:\ProgramData\Mbed Studio\mbed-studio-tools\ac6\bin\..\lib\armlib\c_w.l(__rtentry2.o)
    0x080002e4   0x00000004   Code   RO         7669    .ARM.Collect$$rtentry$$00002718  c:\ProgramData\Mbed Studio\mbed-studio-tools\ac6\bin\..\lib\armlib\c_w.l(__rtentry7.o)
    0x080002e8   0x000000c8   Code   RO         2703    .text               BUILD/NUCLEO_F401RE/ARMC6/mbed-os/platform/source/TARGET_CORTEX_M/TOOLCHAIN_ARM/except.o
    0x080003b0   0x00000024   Code   RO         3490    .text               BUILD/NUCLEO_F401RE/ARMC6/mbed-os/targets/TARGET_STM/TARGET_STM32F4/TARGET_STM32F401xE/device/TOOLCHAIN_ARM_STD/startup_stm32f401xe.o
    0x080003d4   0x00000002   Code   RO         7217    .text               c:\ProgramData\Mbed Studio\mbed-studio-tools\ac6\bin\..\lib\armlib\c_w.l(use_no_semi_2.o)
    0x080003d6   0x00000002   PAD
    0x080003d8   0x00000008   Code   RO         7219    .text               c:\ProgramData\Mbed Studio\mbed-studio-tools\ac6\bin\..\lib\armlib\c_w.l(rt_errno_addr.o)
    0x080003e0   0x0000005e   Code   RO         7228    .text               c:\ProgramData\Mbed Studio\mbed-studio-tools\ac6\bin\..\lib\armlib\c_w.l(h1_alloc.o)
    0x0800043e   0x0000004e   Code   RO         7230    .text               c:\ProgramData\Mbed Studio\mbed-studio-tools\ac6\bin\..\lib\armlib\c_w.l(h1_free.o)
    0x0800048c   0x000000f0   Code   RO         7286    .text               c:\ProgramData\Mbed Studio\mbed-studio-tools\ac6\bin\..\lib\armlib\c_w.l(lludivv7m.o)
    0x0800057c   0x00000034   Code   RO         7292    .text               c:\ProgramData\Mbed Studio\mbed-studio-tools\ac6\bin\..\lib\armlib\c_w.l(vsnprintf.o)
    0x080005b0   0x0000000a   Code   RO         7296    .text               c:\ProgramData\Mbed Studio\mbed-studio-tools\ac6\bin\..\lib\armlib\c_w.l(__2vfprintf.o)
    0x080005ba   0x00000002   PAD
    0x080005bc   0x00000078   Code   RO         7304    .text               c:\ProgramData\Mbed Studio\mbed-studio-tools\ac6\bin\..\lib\armlib\c_w.l(_printf_dec.o)
    0x08000634   0x00000094   Code   RO         7324    .text               c:\ProgramData\Mbed Studio\mbed-studio-tools\ac6\bin\..\lib\armlib\c_w.l(_printf_hex_int_ll_ptr.o)
    0x080006c8   0x00000188   Code   RO         7344    .text               c:\ProgramData\Mbed Studio\mbed-studio-tools\ac6\bin\..\lib\armlib\c_w.l(__printf_flags_ss_wp.o)
    0x08000850   0x00000064   Code   RO         7358    .text               c:\ProgramData\Mbed Studio\mbed-studio-tools\ac6\bin\..\lib\armlib\c_w.l(fflush.o)
    0x080008b4   0x000000f8   Code   RO         7372    .text               c:\ProgramData\Mbed Studio\mbed-studio-tools\ac6\bin\..\lib\armlib\c_w.l(fseek.o)
    0x080009ac   0x000000f0   Code   RO         7376    .text               c:\ProgramData\Mbed Studio\mbed-studio-tools\ac6\bin\..\lib\armlib\c_w.l(fopen.o)
    0x08000a9c   0x0000004c   Code   RO         7386    .text               c:\ProgramData\Mbed Studio\mbed-studio-tools\ac6\bin\..\lib\armlib\c_w.l(fclose.o)
    0x08000ae8   0x0000001c   Code   RO         7400    .text               c:\ProgramData\Mbed Studio\mbed-studio-tools\ac6\bin\..\lib\armlib\c_w.l(strspn.o)
    0x08000b04   0x00000058   Code   RO         7402    .text               c:\ProgramData\Mbed Studio\mbed-studio-tools\ac6\bin\..\lib\armlib\c_w.l(memcmp.o)
    0x08000b5c   0x0000003e   Code   RO         7404    .text               c:\ProgramData\Mbed Studio\mbed-studio-tools\ac6\bin\..\lib\armlib\c_w.l(strlen.o)
    0x08000b9a   0x00000064   Code   RO         7408    .text               c:\ProgramData\Mbed Studio\mbed-studio-tools\ac6\bin\..\lib\armlib\c_w.l(rt_memcpy_w.o)
    0x08000bfe   0x0000004e   Code   RO         7414    .text               c:\ProgramData\Mbed Studio\mbed-studio-tools\ac6\bin\..\lib\armlib\c_w.l(rt_memclr_w.o)
    0x08000c4c   0x00000004   PAD
    0x08000c50   0x0000007c   Code   RO         7416    .text               c:\ProgramData\Mbed Studio\mbed-studio-tools\ac6\bin\..\lib\armlib\c_w.l(strcmpv7em.o)
    0x08000ccc   0x00000006   Code   RO         7418    .text               c:\ProgramData\Mbed Studio\mbed-studio-tools\ac6\bin\..\lib\armlib\c_w.l(heapauxi.o)
    0x08000cd2   0x00000002   PAD
    0x08000cd4   0x00000024   Code   RO         7426    .text               c:\ProgramData\Mbed Studio\mbed-studio-tools\ac6\bin\..\lib\armlib\c_w.l(init_aeabi.o)
    0x08000cf8   0x00000002   Code   RO         7456    .text               c:\ProgramData\Mbed Studio\mbed-studio-tools\ac6\bin\..\lib\armlib\c_w.l(use_no_semi.o)
    0x08000cfa   0x00000002   PAD
    0x08000cfc   0x00000008   Code   RO         7465    .text               c:\ProgramData\Mbed Studio\mbed-studio-tools\ac6\bin\..\lib\armlib\c_w.l(rt_heap_descriptor.o)
    0x08000d04   0x00000004   Code   RO         7470    .text               c:\ProgramData\Mbed Studio\mbed-studio-tools\ac6\bin\..\lib\armlib\c_w.l(hguard.o)
    0x08000d08   0x0000008a   Code   RO         7472    .text               c:\ProgramData\Mbed Studio\mbed-studio-tools\ac6\bin\..\lib\armlib\c_w.l(init_alloc.o)
    0x08000d92   0x0000000e   Code   RO         7476    .text               c:\ProgramData\Mbed Studio\mbed-studio-tools\ac6\bin\..\lib\armlib\c_w.l(h1_init.o)
    0x08000da0   0x0000004e   Code   RO         7488    .text               c:\ProgramData\Mbed Studio\mbed-studio-tools\ac6\bin\..\lib\armlib\c_w.l(_printf_pad.o)
    0x08000dee   0x00000024   Code   RO         7490    .text               c:\ProgramData\Mbed Studio\mbed-studio-tools\ac6\bin\..\lib\armlib\c_w.l(_printf_truncate.o)
    0x08000e12   0x00000052   Code   RO         7492    .text               c:\ProgramData\Mbed Studio\mbed-studio-tools\ac6\bin\..\lib\armlib\c_w.l(_printf_str.o)
    0x08000e64   0x000000b2   Code   RO         7494    .text               c:\ProgramData\Mbed Studio\mbed-studio-tools\ac6\bin\..\lib\armlib\c_w.l(_printf_intcommon.o)
    0x08000f16   0x00000028   Code   RO         7496    .text               c:\ProgramData\Mbed Studio\mbed-studio-tools\ac6\bin\..\lib\armlib\c_w.l(_printf_charcount.o)
    0x08000f3e   0x00000002   PAD
    0x08000f40   0x00000030   Code   RO         7498    .text               c:\ProgramData\Mbed Studio\mbed-studio-tools\ac6\bin\..\lib\armlib\c_w.l(_printf_char_common.o)
    0x08000f70   0x0000000a   Code   RO         7500    .text               c:\ProgramData\Mbed Studio\mbed-studio-tools\ac6\bin\..\lib\armlib\c_w.l(_sputc.o)
    0x08000f7a   0x00000010   Code   RO         7502    .text               c:\ProgramData\Mbed Studio\mbed-studio-tools\ac6\bin\..\lib\armlib\c_w.l(_snputc.o)
    0x08000f8a   0x00000002   PAD
    0x08000f8c   0x00000024   Code   RO         7504    .text               c:\ProgramData\Mbed Studio\mbed-studio-tools\ac6\bin\..\lib\armlib\c_w.l(_printf_char_file.o)
    0x08000fb0   0x000000bc   Code   RO         7506    .text               c:\ProgramData\Mbed Studio\mbed-studio-tools\ac6\bin\..\lib\armlib\c_w.l(_printf_wctomb.o)
    0x0800106c   0x0000007c   Code   RO         7509    .text               c:\ProgramData\Mbed Studio\mbed-studio-tools\ac6\bin\..\lib\armlib\c_w.l(_printf_longlong_dec.o)
    0x080010e8   0x00000070   Code   RO         7515    .text               c:\ProgramData\Mbed Studio\mbed-studio-tools\ac6\bin\..\lib\armlib\c_w.l(_printf_oct_int_ll.o)
    0x08001158   0x00000008   Code   RO         7554    .text               c:\ProgramData\Mbed Studio\mbed-studio-tools\ac6\bin\..\lib\armlib\c_w.l(ferror.o)
    0x08001160   0x000001d6   Code   RO         7558    .text               c:\ProgramData\Mbed Studio\mbed-studio-tools\ac6\bin\..\lib\armlib\c_w.l(flsbuf.o)
    0x08001336   0x00000042   Code   RO         7560    .text               c:\ProgramData\Mbed Studio\mbed-studio-tools\ac6\bin\..\lib\armlib\c_w.l(ftell.o)
    0x08001378   0x00000046   Code   RO         7562    .text               c:\ProgramData\Mbed Studio\mbed-studio-tools\ac6\bin\..\lib\armlib\c_w.l(setvbuf.o)
    0x080013be   0x00000002   PAD
    0x080013c0   0x000000f0   Code   RO         7564    .text               c:\ProgramData\Mbed Studio\mbed-studio-tools\ac6\bin\..\lib\armlib\c_w.l(stdio.o)
    0x080014b0   0x00000138   Code   RO         7567    .text               c:\ProgramData\Mbed Studio\mbed-studio-tools\ac6\bin\..\lib\armlib\c_w.l(initio.o)
    0x080015e8   0x00000000   Code   RO         7677    .text               c:\ProgramData\Mbed Studio\mbed-studio-tools\ac6\bin\..\lib\armlib\c_w.l(maybetermalloc1.o)
    0x080015e8   0x00000034   Code   RO         7679    .text               c:\ProgramData\Mbed Studio\mbed-studio-tools\ac6\bin\..\lib\armlib\c_w.l(h1_extend.o)
    0x0800161c   0x0000008a   Code   RO         7683    .text               c:\ProgramData\Mbed Studio\mbed-studio-tools\ac6\bin\..\lib\armlib\c_w.l(lludiv10.o)
    0x080016a6   0x0000041c   Code   RO         7687    .text               c:\ProgramData\Mbed Studio\mbed-studio-tools\ac6\bin\..\lib\armlib\c_w.l(_printf_fp_dec.o)
    0x08001ac2   0x00000002   PAD
    0x08001ac4   0x000002fc   Code   RO         7691    .text               c:\ProgramData\Mbed Studio\mbed-studio-tools\ac6\bin\..\lib\armlib\c_w.l(_printf_fp_hex.o)
    0x08001dc0   0x0000002c   Code   RO         7696    .text               c:\ProgramData\Mbed Studio\mbed-studio-tools\ac6\bin\..\lib\armlib\c_w.l(_printf_char.o)
    0x08001dec   0x0000002c   Code   RO         7700    .text               c:\ProgramData\Mbed Studio\mbed-studio-tools\ac6\bin\..\lib\armlib\c_w.l(_printf_wchar.o)
    0x08001e18   0x00000048   Code   RO         7738    .text               c:\ProgramData\Mbed Studio\mbed-studio-tools\ac6\bin\..\lib\armlib\c_w.l(_c16rtomb.o)
    0x08001e60   0x00000016   Code   RO         7740    .text               c:\ProgramData\Mbed Studio\mbed-studio-tools\ac6\bin\..\lib\armlib\c_w.l(abort.o)
    0x08001e76   0x0000000e   Code   RO         7742    .text               c:\ProgramData\Mbed Studio\mbed-studio-tools\ac6\bin\..\lib\armlib\c_w.l(defsig_rtred_outer.o)
    0x08001e84   0x0000000e   Code   RO         7746    .text               c:\ProgramData\Mbed Studio\mbed-studio-tools\ac6\bin\..\lib\armlib\c_w.l(defsig_rtmem_outer.o)
    0x08001e92   0x00000002   PAD
    0x08001e94   0x00000010   Code   RO         7775    .text               c:\ProgramData\Mbed Studio\mbed-studio-tools\ac6\bin\..\lib\armlib\c_w.l(rt_ctype_table.o)
    0x08001ea4   0x00000008   Code   RO         7779    .text               c:\ProgramData\Mbed Studio\mbed-studio-tools\ac6\bin\..\lib\armlib\c_w.l(rt_locale.o)
    0x08001eac   0x00000080   Code   RO         7788    .text               c:\ProgramData\Mbed Studio\mbed-studio-tools\ac6\bin\..\lib\armlib\c_w.l(_printf_fp_infnan.o)
    0x08001f2c   0x000000e4   Code   RO         7790    .text               c:\ProgramData\Mbed Studio\mbed-studio-tools\ac6\bin\..\lib\armlib\c_w.l(bigflt0.o)
    0x08002010   0x0000000a   Code   RO         7825    .text               c:\ProgramData\Mbed Studio\mbed-studio-tools\ac6\bin\..\lib\armlib\c_w.l(defsig_exit.o)
    0x0800201a   0x0000000e   Code   RO         7827    .text               c:\ProgramData\Mbed Studio\mbed-studio-tools\ac6\bin\..\lib\armlib\c_w.l(defsig_abrt_outer.o)
    0x08002028   0x00000034   Code   RO         7835    .text               c:\ProgramData\Mbed Studio\mbed-studio-tools\ac6\bin\..\lib\armlib\c_w.l(defsig_rtred_inner.o)
    0x0800205c   0x00000050   Code   RO         7837    .text               c:\ProgramData\Mbed Studio\mbed-studio-tools\ac6\bin\..\lib\armlib\c_w.l(defsig_rtmem_inner.o)
    0x080020ac   0x00000032   Code   RO         7885    .text               c:\ProgramData\Mbed Studio\mbed-studio-tools\ac6\bin\..\lib\armlib\c_w.l(defsig_general.o)
    0x080020de   0x00000002   PAD
    0x080020e0   0x00000030   Code   RO         7887    .text               c:\ProgramData\Mbed Studio\mbed-studio-tools\ac6\bin\..\lib\armlib\c_w.l(defsig_abrt_inner.o)
    0x08002110   0x00000032   Code   RO         3186    .text.$Sub$$__rt_lib_init  BUILD/NUCLEO_F401RE/ARMC6/mbed-os/platform/source/mbed_retarget.o
    0x08002142   0x00000002   PAD
    0x08002144   0x0000000c   Code   RO         3357    .text.$Sub$$main    BUILD/NUCLEO_F401RE/ARMC6/mbed-os/platform/source/mbed_sdk_boot.o
    0x08002150   0x00000104   Code   RO         3578    .text.ADC_Init      BUILD/NUCLEO_F401RE/ARMC6/mbed-os/targets/TARGET_STM/TARGET_STM32F4/device/stm32f4xx_hal_adc.o
    0x08002254   0x00000106   Code   RO         3618    .text.HAL_ADC_ConfigChannel  BUILD/NUCLEO_F401RE/ARMC6/mbed-os/targets/TARGET_STM/TARGET_STM32F4/device/stm32f4xx_hal_adc.o
    0x0800235a   0x00000002   PAD
    0x0800235c   0x00000006   Code   RO         3614    .text.HAL_ADC_GetValue  BUILD/NUCLEO_F401RE/ARMC6/mbed-os/targets/TARGET_STM/TARGET_STM32F4/device/stm32f4xx_hal_adc.o
    0x08002362   0x00000002   PAD
    0x08002364   0x0000004e   Code   RO         3574    .text.HAL_ADC_Init  BUILD/NUCLEO_F401RE/ARMC6/mbed-os/targets/TARGET_STM/TARGET_STM32F4/device/stm32f4xx_hal_adc.o
    0x080023b2   0x00000002   PAD
    0x080023b4   0x00000002   Code   RO         3576    .text.HAL_ADC_MspInit  BUILD/NUCLEO_F401RE/ARMC6/mbed-os/targets/TARGET_STM/TARGET_STM32F4/device/stm32f4xx_hal_adc.o
    0x080023b6   0x00000002   PAD
    0x080023b8   0x000000b4   Code   RO         3588    .text.HAL_ADC_PollForConversion  BUILD/NUCLEO_F401RE/ARMC6/mbed-os/targets/TARGET_STM/TARGET_STM32F4/device/stm32f4xx_hal_adc.o
    0x0800246c   0x000000cc   Code   RO         3584    .text.HAL_ADC_Start  BUILD/NUCLEO_F401RE/ARMC6/mbed-os/targets/TARGET_STM/TARGET_STM32F4/device/stm32f4xx_hal_adc.o
    0x08002538   0x0000003c   Code   RO         6698    .text.HAL_GetTick   BUILD/NUCLEO_F401RE/ARMC6/mbed-os/targets/TARGET_STM/hal_tick_overrides.o
    0x08002574   0x00000036   Code   RO         3513    .text.HAL_Init      BUILD/NUCLEO_F401RE/ARMC6/mbed-os/targets/TARGET_STM/TARGET_STM32F4/device/stm32f4xx_hal.o
    0x080025aa   0x00000002   PAD
    0x080025ac   0x0000000a   Code   RO         6696    .text.HAL_InitTick  BUILD/NUCLEO_F401RE/ARMC6/mbed-os/targets/TARGET_STM/hal_tick_overrides.o
    0x080025b6   0x00000002   PAD
    0x080025b8   0x00000002   Code   RO         3517    .text.HAL_MspInit   BUILD/NUCLEO_F401RE/ARMC6/mbed-os/targets/TARGET_STM/TARGET_STM32F4/device/stm32f4xx_hal.o
    0x080025ba   0x00000002   PAD
    0x080025bc   0x00000008   Code   RO         3675    .text.HAL_NVIC_SetPriorityGrouping  BUILD/NUCLEO_F401RE/ARMC6/mbed-os/targets/TARGET_STM/TARGET_STM32F4/device/stm32f4xx_hal_cortex.o
    0x080025c4   0x00000154   Code   RO         4652    .text.HAL_RCC_ClockConfig  BUILD/NUCLEO_F401RE/ARMC6/mbed-os/targets/TARGET_STM/TARGET_STM32F4/device/stm32f4xx_hal_rcc.o
    0x08002718   0x0000003e   Code   RO         4670    .text.HAL_RCC_GetClockConfig  BUILD/NUCLEO_F401RE/ARMC6/mbed-os/targets/TARGET_STM/TARGET_STM32F4/device/stm32f4xx_hal_rcc.o
    0x08002756   0x00000002   PAD
    0x08002758   0x0000000c   Code   RO         4662    .text.HAL_RCC_GetHCLKFreq  BUILD/NUCLEO_F401RE/ARMC6/mbed-os/targets/TARGET_STM/TARGET_STM32F4/device/stm32f4xx_hal_rcc.o
    0x08002764   0x00000022   Code   RO         4664    .text.HAL_RCC_GetPCLK1Freq  BUILD/NUCLEO_F401RE/ARMC6/mbed-os/targets/TARGET_STM/TARGET_STM32F4/device/stm32f4xx_hal_rcc.o
    0x08002786   0x00000002   PAD
    0x08002788   0x00000022   Code   RO         4666    .text.HAL_RCC_GetPCLK2Freq  BUILD/NUCLEO_F401RE/ARMC6/mbed-os/targets/TARGET_STM/TARGET_STM32F4/device/stm32f4xx_hal_rcc.o
    0x080027aa   0x00000002   PAD
    0x080027ac   0x0000006a   Code   RO         4654    .text.HAL_RCC_GetSysClockFreq  BUILD/NUCLEO_F401RE/ARMC6/mbed-os/targets/TARGET_STM/TARGET_STM32F4/device/stm32f4xx_hal_rcc.o
    0x08002816   0x00000002   PAD
    0x08002818   0x000002f6   Code   RO         4650    .text.HAL_RCC_OscConfig  BUILD/NUCLEO_F401RE/ARMC6/mbed-os/targets/TARGET_STM/TARGET_STM32F4/device/stm32f4xx_hal_rcc.o
    0x08002b0e   0x00000002   PAD
    0x08002b10   0x00000036   Code   RO         5168    .text.HAL_TIM_OC_Init  BUILD/NUCLEO_F401RE/ARMC6/mbed-os/targets/TARGET_STM/TARGET_STM32F4/device/stm32f4xx_hal_tim.o
    0x08002b46   0x00000002   PAD
    0x08002b48   0x00000002   Code   RO         5170    .text.HAL_TIM_OC_MspInit  BUILD/NUCLEO_F401RE/ARMC6/mbed-os/targets/TARGET_STM/TARGET_STM32F4/device/stm32f4xx_hal_tim.o
    0x08002b4a   0x00000002   PAD
    0x08002b4c   0x00000030   Code   RO         5176    .text.HAL_TIM_OC_Start  BUILD/NUCLEO_F401RE/ARMC6/mbed-os/targets/TARGET_STM/TARGET_STM32F4/device/stm32f4xx_hal_tim.o
    0x08002b7c   0x0000005e   Code   RO         5444    .text.HAL_UART_Init  BUILD/NUCLEO_F401RE/ARMC6/mbed-os/targets/TARGET_STM/TARGET_STM32F4/device/stm32f4xx_hal_uart.o
    0x08002bda   0x00000002   PAD
    0x08002bdc   0x00000002   Code   RO         5446    .text.HAL_UART_MspInit  BUILD/NUCLEO_F401RE/ARMC6/mbed-os/targets/TARGET_STM/TARGET_STM32F4/device/stm32f4xx_hal_uart.o
    0x08002bde   0x00000002   PAD
    0x08002be0   0x00000012   Code   RO         3499    .text.LL_ADC_SetCommonPathInternalCh  BUILD/NUCLEO_F401RE/ARMC6/mbed-os/targets/TARGET_STM/TARGET_STM32F4/analogin_device.o
    0x08002bf2   0x00000002   PAD
    0x08002bf4   0x00000016   Code   RO         6858    .text.LL_GPIO_GetPinMode  BUILD/NUCLEO_F401RE/ARMC6/mbed-os/targets/TARGET_STM/pinmap.o
    0x08002c0a   0x00000002   PAD
    0x08002c0c   0x00000020   Code   RO         6862    .text.LL_GPIO_SetAFPin_0_7  BUILD/NUCLEO_F401RE/ARMC6/mbed-os/targets/TARGET_STM/pinmap.o
    0x08002c2c   0x00000022   Code   RO         6860    .text.LL_GPIO_SetAFPin_8_15  BUILD/NUCLEO_F401RE/ARMC6/mbed-os/targets/TARGET_STM/pinmap.o
    0x08002c4e   0x00000002   PAD
    0x08002c50   0x00000020   Code   RO         6626    .text.LL_GPIO_SetPinMode  BUILD/NUCLEO_F401RE/ARMC6/mbed-os/targets/TARGET_STM/gpio_api.o
    0x08002c70   0x00000020   Code   RO         6850    .text.LL_GPIO_SetPinMode  BUILD/NUCLEO_F401RE/ARMC6/mbed-os/targets/TARGET_STM/pinmap.o
    0x08002c90   0x0000000c   Code   RO         6852    .text.LL_GPIO_SetPinOutputType  BUILD/NUCLEO_F401RE/ARMC6/mbed-os/targets/TARGET_STM/pinmap.o
    0x08002c9c   0x00000020   Code   RO         6864    .text.LL_GPIO_SetPinPull  BUILD/NUCLEO_F401RE/ARMC6/mbed-os/targets/TARGET_STM/pinmap.o
    0x08002cbc   0x00000020   Code   RO         6846    .text.LL_GPIO_SetPinSpeed  BUILD/NUCLEO_F401RE/ARMC6/mbed-os/targets/TARGET_STM/pinmap.o
    0x08002cdc   0x0000000a   Code   RO         7170    .text.LL_TIM_GenerateEvent_CC1  BUILD/NUCLEO_F401RE/ARMC6/mbed-os/targets/TARGET_STM/us_ticker.o
    0x08002ce6   0x00000002   PAD
    0x08002ce8   0x00000030   Code   RO         3476    .text.SetSysClock   BUILD/NUCLEO_F401RE/ARMC6/mbed-os/targets/TARGET_STM/TARGET_STM32F4/TARGET_STM32F401xE/TARGET_NUCLEO_F401RE/system_clock.o
    0x08002d18   0x0000009a   Code   RO         3478    .text.SetSysClock_PLL_HSE  BUILD/NUCLEO_F401RE/ARMC6/mbed-os/targets/TARGET_STM/TARGET_STM32F4/TARGET_STM32F401xE/TARGET_NUCLEO_F401RE/system_clock.o
    0x08002db2   0x00000002   PAD
    0x08002db4   0x0000008e   Code   RO         3480    .text.SetSysClock_PLL_HSI  BUILD/NUCLEO_F401RE/ARMC6/mbed-os/targets/TARGET_STM/TARGET_STM32F4/TARGET_STM32F401xE/TARGET_NUCLEO_F401RE/system_clock.o
    0x08002e42   0x00000002   PAD
    0x08002e44   0x00000144   Code   RO         6616    .text.Set_GPIO_Clock  BUILD/NUCLEO_F401RE/ARMC6/mbed-os/targets/TARGET_STM/gpio_api.o
    0x08002f88   0x0000007e   Code   RO         6463    .text.SystemCoreClockUpdate  BUILD/NUCLEO_F401RE/ARMC6/mbed-os/targets/TARGET_STM/TARGET_STM32F4/device/system_stm32f4xx.o
    0x08003006   0x00000002   PAD
    0x08003008   0x00000056   Code   RO         3474    .text.SystemInit    BUILD/NUCLEO_F401RE/ARMC6/mbed-os/targets/TARGET_STM/TARGET_STM32F4/TARGET_STM32F401xE/TARGET_NUCLEO_F401RE/system_clock.o
    0x0800305e   0x00000002   PAD
    0x08003060   0x000000ce   Code   RO         5146    .text.TIM_Base_SetConfig  BUILD/NUCLEO_F401RE/ARMC6/mbed-os/targets/TARGET_STM/TARGET_STM32F4/device/stm32f4xx_hal_tim.o
    0x0800312e   0x00000002   PAD
    0x08003130   0x00000020   Code   RO         5178    .text.TIM_CCxChannelCmd  BUILD/NUCLEO_F401RE/ARMC6/mbed-os/targets/TARGET_STM/TARGET_STM32F4/device/stm32f4xx_hal_tim.o
    0x08003150   0x0000026a   Code   RO         5448    .text.UART_SetConfig  BUILD/NUCLEO_F401RE/ARMC6/mbed-os/targets/TARGET_STM/TARGET_STM32F4/device/stm32f4xx_hal_uart.o
    0x080033ba   0x00000002   PAD
    0x080033bc   0x00000024   Code   RO           29    .text._GLOBAL__sub_I_main.cpp  BUILD/NUCLEO_F401RE/ARMC6/main.o
    0x080033e0   0x000001ac   Code   RO           21    .text._Z13updateDisplayv  BUILD/NUCLEO_F401RE/ARMC6/main.o
    0x0800358c   0x00000004   Code   RO          113    .text._Z21core_util_atomic_loadI13PlatformMutexEPT_PKS2_  BUILD/NUCLEO_F401RE/ARMC6/mbed-os/drivers/source/AnalogIn.o
    0x08003590   0x00000004   Code   RO          117    .text._Z22core_util_atomic_storeI13PlatformMutexEvPPT_S2_  BUILD/NUCLEO_F401RE/ARMC6/mbed-os/drivers/source/AnalogIn.o
    0x08003594   0x00000040   Code   RO           19    .text._Z8shiftOutc  BUILD/NUCLEO_F401RE/ARMC6/main.o
    0x080035d4   0x00000014   Code   RO           25    .text._ZL10gpio_writeP6gpio_ti  BUILD/NUCLEO_F401RE/ARMC6/main.o
    0x080035e8   0x00000026   Code   RO         3130    .text._ZL11get_consolei  BUILD/NUCLEO_F401RE/ARMC6/mbed-os/platform/source/mbed_retarget.o
    0x0800360e   0x00000002   PAD
    0x08003610   0x0000004e   Code   RO         3278    .text._ZL15default_consolev  BUILD/NUCLEO_F401RE/ARMC6/mbed-os/platform/source/mbed_retarget.o
    0x0800365e   0x00000002   PAD
    0x08003660   0x0000001c   Code   RO         3152    .text._ZL18handle_open_errorsij  BUILD/NUCLEO_F401RE/ARMC6/mbed-os/platform/source/mbed_retarget.o
    0x0800367c   0x0000002a   Code   RO         3150    .text._ZL18openflags_to_posixi  BUILD/NUCLEO_F401RE/ARMC6/mbed-os/platform/source/mbed_retarget.o
    0x080036a6   0x00000002   PAD
    0x080036a8   0x00000058   Code   RO         3134    .text._ZL18reserve_filehandlev  BUILD/NUCLEO_F401RE/ARMC6/mbed-os/platform/source/mbed_retarget.o
    0x08003700   0x0000000e   Code   RO           27    .text._ZL9gpio_readP6gpio_t  BUILD/NUCLEO_F401RE/ARMC6/main.o
    0x0800370e   0x00000002   PAD
    0x08003710   0x0000001e   Code   RO         3116    .text._ZN12DirectSerial4readEPvj  BUILD/NUCLEO_F401RE/ARMC6/mbed-os/platform/source/mbed_retarget.o
    0x0800372e   0x00000002   PAD
    0x08003730   0x00000006   Code   RO         3307    .text._ZN12DirectSerial4seekEli  BUILD/NUCLEO_F401RE/ARMC6/mbed-os/platform/source/mbed_retarget.o
    0x08003736   0x00000002   PAD
    0x08003738   0x00000006   Code   RO         3313    .text._ZN12DirectSerial4sizeEv  BUILD/NUCLEO_F401RE/ARMC6/mbed-os/platform/source/mbed_retarget.o
    0x0800373e   0x00000002   PAD
    0x08003740   0x00000004   Code   RO         3309    .text._ZN12DirectSerial5closeEv  BUILD/NUCLEO_F401RE/ARMC6/mbed-os/platform/source/mbed_retarget.o
    0x08003744   0x00000028   Code   RO         3114    .text._ZN12DirectSerial5writeEPKvj  BUILD/NUCLEO_F401RE/ARMC6/mbed-os/platform/source/mbed_retarget.o
    0x0800376c   0x00000004   Code   RO         3311    .text._ZN12DirectSerial6isattyEv  BUILD/NUCLEO_F401RE/ARMC6/mbed-os/platform/source/mbed_retarget.o
    0x08003770   0x00000044   Code   RO         3112    .text._ZN12DirectSerialC2ERK15serial_pinmap_ti  BUILD/NUCLEO_F401RE/ARMC6/mbed-os/platform/source/mbed_retarget.o
    0x080037b4   0x0000000c   Code   RO         3305    .text._ZN12DirectSerialD0Ev  BUILD/NUCLEO_F401RE/ARMC6/mbed-os/platform/source/mbed_retarget.o
    0x080037c0   0x00000002   Code   RO          109    .text._ZN13PlatformMutex4lockEv  BUILD/NUCLEO_F401RE/ARMC6/mbed-os/drivers/source/AnalogIn.o
    0x080037c2   0x00000002   PAD
    0x080037c4   0x00000002   Code   RO          119    .text._ZN13PlatformMutex6unlockEv  BUILD/NUCLEO_F401RE/ARMC6/mbed-os/drivers/source/AnalogIn.o
    0x080037c6   0x00000002   PAD
    0x080037c8   0x00000002   Code   RO          115    .text._ZN13PlatformMutexC2Ev  BUILD/NUCLEO_F401RE/ARMC6/mbed-os/drivers/source/AnalogIn.o
    0x080037ca   0x00000002   PAD
    0x080037cc   0x00000008   Code   RO           70    .text._ZN4mbed10DigitalOut5writeEi  BUILD/NUCLEO_F401RE/ARMC6/main.o
    0x080037d4   0x0000001e   Code   RO           54    .text._ZN4mbed10DigitalOutC2E7PinName  BUILD/NUCLEO_F401RE/ARMC6/main.o
    0x080037f2   0x00000002   PAD
    0x080037f4   0x0000000c   Code   RO           60    .text._ZN4mbed10DigitalOutaSEi  BUILD/NUCLEO_F401RE/ARMC6/main.o
    0x08003800   0x00000006   Code   RO          970    .text._ZN4mbed10FileHandle12enable_inputEb  BUILD/NUCLEO_F401RE/ARMC6/mbed-os/drivers/source/Serial.o
    0x08003806   0x00000002   PAD
    0x08003808   0x0000000c   Code   RO          966    .text._ZN4mbed10FileHandle12set_blockingEb  BUILD/NUCLEO_F401RE/ARMC6/mbed-os/drivers/source/Serial.o
    0x08003814   0x00000006   Code   RO          972    .text._ZN4mbed10FileHandle13enable_outputEb  BUILD/NUCLEO_F401RE/ARMC6/mbed-os/drivers/source/Serial.o
    0x0800381a   0x00000002   PAD
    0x0800381c   0x0000000a   Code   RO          964    .text._ZN4mbed10FileHandle4flenEv  BUILD/NUCLEO_F401RE/ARMC6/mbed-os/drivers/source/Serial.o
    0x08003826   0x00000002   PAD
    0x08003828   0x00000036   Code   RO         2410    .text._ZN4mbed10FileHandle4sizeEv  BUILD/NUCLEO_F401RE/ARMC6/mbed-os/platform/source/FileHandle.o
    0x0800385e   0x00000002   PAD
    0x08003860   0x00000004   Code   RO         2422    .text._ZN4mbed10FileHandle4syncEv  BUILD/NUCLEO_F401RE/ARMC6/mbed-os/platform/source/FileHandle.o
    0x08003864   0x0000000e   Code   RO         1306    .text._ZN4mbed10FileHandle4tellEv  BUILD/NUCLEO_F401RE/ARMC6/mbed-os/drivers/source/UARTSerial.o
    0x08003872   0x00000002   PAD
    0x08003874   0x0000000a   Code   RO          962    .text._ZN4mbed10FileHandle5fsyncEv  BUILD/NUCLEO_F401RE/ARMC6/mbed-os/drivers/source/Serial.o
    0x0800387e   0x00000002   PAD
    0x08003880   0x0000000a   Code   RO          960    .text._ZN4mbed10FileHandle5lseekEli  BUILD/NUCLEO_F401RE/ARMC6/mbed-os/drivers/source/Serial.o
    0x0800388a   0x00000002   PAD
    0x0800388c   0x00000002   Code   RO          976    .text._ZN4mbed10FileHandle5sigioENS_8CallbackIFvvEEE  BUILD/NUCLEO_F401RE/ARMC6/mbed-os/drivers/source/Serial.o
    0x0800388e   0x00000002   PAD
    0x08003890   0x00000004   Code   RO         2424    .text._ZN4mbed10FileHandle6isattyEv  BUILD/NUCLEO_F401RE/ARMC6/mbed-os/platform/source/FileHandle.o
    0x08003894   0x0000000e   Code   RO         1308    .text._ZN4mbed10FileHandle6rewindEv  BUILD/NUCLEO_F401RE/ARMC6/mbed-os/drivers/source/UARTSerial.o
    0x080038a2   0x00000002   PAD
    0x080038a4   0x00000006   Code   RO          958    .text._ZN4mbed10FileHandle8truncateEl  BUILD/NUCLEO_F401RE/ARMC6/mbed-os/drivers/source/Serial.o
    0x080038aa   0x00000002   PAD
    0x080038ac   0x0000000e   Code   RO         1284    .text._ZN4mbed10FileHandleC2Ev  BUILD/NUCLEO_F401RE/ARMC6/mbed-os/drivers/source/UARTSerial.o
    0x080038ba   0x00000002   PAD
    0x080038bc   0x00000002   Code   RO         2420    .text._ZN4mbed10FileHandleD0Ev  BUILD/NUCLEO_F401RE/ARMC6/mbed-os/platform/source/FileHandle.o
    0x080038be   0x00000002   PAD
    0x080038c0   0x00000002   Code   RO         1290    .text._ZN4mbed10FileHandleD2Ev  BUILD/NUCLEO_F401RE/ARMC6/mbed-os/drivers/source/UARTSerial.o
    0x080038c2   0x00000002   PAD
    0x080038c4   0x00000018   Code   RO         1177    .text._ZN4mbed10TimerEvent15insert_absoluteEy  BUILD/NUCLEO_F401RE/ARMC6/mbed-os/drivers/source/TimerEvent.o
    0x080038dc   0x0000000a   Code   RO         1165    .text._ZN4mbed10TimerEvent3irqEj  BUILD/NUCLEO_F401RE/ARMC6/mbed-os/drivers/source/TimerEvent.o
    0x080038e6   0x00000002   PAD
    0x080038e8   0x00000010   Code   RO         1171    .text._ZN4mbed10TimerEvent6removeEv  BUILD/NUCLEO_F401RE/ARMC6/mbed-os/drivers/source/TimerEvent.o
    0x080038f8   0x00000030   Code   RO         1163    .text._ZN4mbed10TimerEventC2Ev  BUILD/NUCLEO_F401RE/ARMC6/mbed-os/drivers/source/TimerEvent.o
    0x08003928   0x00000002   Code   RO         1173    .text._ZN4mbed10TimerEventD0Ev  BUILD/NUCLEO_F401RE/ARMC6/mbed-os/drivers/source/TimerEvent.o
    0x0800392a   0x00000002   PAD
    0x0800392c   0x0000001a   Code   RO         1169    .text._ZN4mbed10TimerEventD2Ev  BUILD/NUCLEO_F401RE/ARMC6/mbed-os/drivers/source/TimerEvent.o
    0x08003946   0x00000002   PAD
    0x08003948   0x0000002e   Code   RO         3128    .text._ZN4mbed16mbed_file_handleEi  BUILD/NUCLEO_F401RE/ARMC6/mbed-os/platform/source/mbed_retarget.o
    0x08003976   0x00000002   PAD
    0x08003978   0x00000004   Code   RO         3126    .text._ZN4mbed21mbed_override_consoleEi  BUILD/NUCLEO_F401RE/ARMC6/mbed-os/platform/source/mbed_retarget.o
    0x0800397c   0x00000004   Code   RO         3124    .text._ZN4mbed28mbed_target_override_consoleEi  BUILD/NUCLEO_F401RE/ARMC6/mbed-os/platform/source/mbed_retarget.o
    0x08003980   0x00000022   Code   RO         1147    .text._ZN4mbed5Timer23read_high_resolution_usEv  BUILD/NUCLEO_F401RE/ARMC6/mbed-os/drivers/source/Timer.o
    0x080039a2   0x00000002   PAD
    0x080039a4   0x0000001c   Code   RO         1149    .text._ZN4mbed5Timer4readEv  BUILD/NUCLEO_F401RE/ARMC6/mbed-os/drivers/source/Timer.o
    0x080039c0   0x0000001e   Code   RO         1133    .text._ZN4mbed5Timer5resetEv  BUILD/NUCLEO_F401RE/ARMC6/mbed-os/drivers/source/Timer.o
    0x080039de   0x00000002   PAD
    0x080039e0   0x00000030   Code   RO         1139    .text._ZN4mbed5Timer5startEv  BUILD/NUCLEO_F401RE/ARMC6/mbed-os/drivers/source/Timer.o
    0x08003a10   0x0000002c   Code   RO         1143    .text._ZN4mbed5Timer9slicetimeEv  BUILD/NUCLEO_F401RE/ARMC6/mbed-os/drivers/source/Timer.o
    0x08003a3c   0x00000024   Code   RO         1131    .text._ZN4mbed5TimerC2Ev  BUILD/NUCLEO_F401RE/ARMC6/mbed-os/drivers/source/Timer.o
    0x08003a60   0x00000022   Code   RO         1137    .text._ZN4mbed5TimerD2Ev  BUILD/NUCLEO_F401RE/ARMC6/mbed-os/drivers/source/Timer.o
    0x08003a82   0x00000002   PAD
    0x08003a84   0x0000002e   Code   RO         1101    .text._ZN4mbed6Ticker5setupEy  BUILD/NUCLEO_F401RE/ARMC6/mbed-os/drivers/source/Ticker.o
    0x08003ab2   0x00000002   PAD
    0x08003ab4   0x00000048   Code   RO         1099    .text._ZN4mbed6Ticker6detachEv  BUILD/NUCLEO_F401RE/ARMC6/mbed-os/drivers/source/Ticker.o
    0x08003afc   0x0000002c   Code   RO         1103    .text._ZN4mbed6Ticker7handlerEv  BUILD/NUCLEO_F401RE/ARMC6/mbed-os/drivers/source/Ticker.o
    0x08003b28   0x00000042   Code   RO         1105    .text._ZN4mbed6Ticker9attach_usENS_8CallbackIFvvEEEy  BUILD/NUCLEO_F401RE/ARMC6/mbed-os/drivers/source/Ticker.o
    0x08003b6a   0x00000002   PAD
    0x08003b6c   0x0000002e   Code   RO         1095    .text._ZN4mbed6TickerC2Ev  BUILD/NUCLEO_F401RE/ARMC6/mbed-os/drivers/source/Ticker.o
    0x08003b9a   0x00000002   PAD
    0x08003b9c   0x0000000c   Code   RO         1115    .text._ZN4mbed6TickerD0Ev  BUILD/NUCLEO_F401RE/ARMC6/mbed-os/drivers/source/Ticker.o
    0x08003ba8   0x00000028   Code   RO           58    .text._ZN4mbed6TickerD2Ev  BUILD/NUCLEO_F401RE/ARMC6/main.o
    0x08003bd0   0x00000014   Code   RO          103    .text._ZN4mbed8AnalogIn4lockEv  BUILD/NUCLEO_F401RE/ARMC6/mbed-os/drivers/source/AnalogIn.o
    0x08003be4   0x0000002c   Code   RO           87    .text._ZN4mbed8AnalogIn4readEv  BUILD/NUCLEO_F401RE/ARMC6/mbed-os/drivers/source/AnalogIn.o
    0x08003c10   0x00000014   Code   RO          105    .text._ZN4mbed8AnalogIn6unlockEv  BUILD/NUCLEO_F401RE/ARMC6/mbed-os/drivers/source/AnalogIn.o
    0x08003c24   0x0000002c   Code   RO           83    .text._ZN4mbed8AnalogInC2E7PinName  BUILD/NUCLEO_F401RE/ARMC6/mbed-os/drivers/source/AnalogIn.o
    0x08003c50   0x0000000c   Code   RO          101    .text._ZN4mbed8AnalogInD0Ev  BUILD/NUCLEO_F401RE/ARMC6/mbed-os/drivers/source/AnalogIn.o
    0x08003c5c   0x00000002   Code   RO           99    .text._ZN4mbed8AnalogInD2Ev  BUILD/NUCLEO_F401RE/ARMC6/mbed-os/drivers/source/AnalogIn.o
    0x08003c5e   0x00000002   PAD
    0x08003c60   0x00000008   Code   RO           74    .text._ZN4mbed8CallbackIFvvEE13function_callIPS1_EEvPKv  BUILD/NUCLEO_F401RE/ARMC6/main.o
    0x08003c68   0x00000002   Code   RO           78    .text._ZN4mbed8CallbackIFvvEE13function_dtorIPS1_EEvPv  BUILD/NUCLEO_F401RE/ARMC6/main.o
    0x08003c6a   0x00000002   PAD
    0x08003c6c   0x00000006   Code   RO           76    .text._ZN4mbed8CallbackIFvvEE13function_moveIPS1_EEvPvPKv  BUILD/NUCLEO_F401RE/ARMC6/main.o
    0x08003c72   0x00000002   PAD
    0x08003c74   0x0000001a   Code   RO           72    .text._ZN4mbed8CallbackIFvvEE8generateIPS1_EEvRKT_  BUILD/NUCLEO_F401RE/ARMC6/main.o
    0x08003c8e   0x00000002   PAD
    0x08003c90   0x00000024   Code   RO           64    .text._ZN4mbed8CallbackIFvvEEC2EPS1_  BUILD/NUCLEO_F401RE/ARMC6/main.o
    0x08003cb4   0x00000024   Code   RO          511    .text._ZN4mbed8CallbackIFvvEEC2ERKS2_  BUILD/NUCLEO_F401RE/ARMC6/mbed-os/drivers/source/InterruptIn.o
    0x08003cd8   0x00000012   Code   RO           66    .text._ZN4mbed8CallbackIFvvEED2Ev  BUILD/NUCLEO_F401RE/ARMC6/main.o
    0x08003cea   0x00000002   PAD
    0x08003cec   0x0000001a   Code   RO          507    .text._ZN4mbed8CallbackIFvvEEaSERKS2_  BUILD/NUCLEO_F401RE/ARMC6/mbed-os/drivers/source/InterruptIn.o
    0x08003d06   0x00000002   PAD
    0x08003d08   0x00000004   Code   RO         2386    .text._ZN4mbed8FileBase11getPathTypeEv  BUILD/NUCLEO_F401RE/ARMC6/mbed-os/platform/source/FileBase.o
    0x08003d0c   0x000000a4   Code   RO         2392    .text._ZN4mbed8FileBase6lookupEPKcj  BUILD/NUCLEO_F401RE/ARMC6/mbed-os/platform/source/FileBase.o
    0x08003db0   0x0000001a   Code   RO         2433    .text._ZN4mbed8FilePath10fileSystemEv  BUILD/NUCLEO_F401RE/ARMC6/mbed-os/platform/source/FilePath.o
    0x08003dca   0x00000002   PAD
    0x08003dcc   0x00000018   Code   RO         2431    .text._ZN4mbed8FilePath12isFileSystemEv  BUILD/NUCLEO_F401RE/ARMC6/mbed-os/platform/source/FilePath.o
    0x08003de4   0x0000001a   Code   RO         2437    .text._ZN4mbed8FilePath4fileEv  BUILD/NUCLEO_F401RE/ARMC6/mbed-os/platform/source/FilePath.o
    0x08003dfe   0x00000002   PAD
    0x08003e00   0x0000000a   Code   RO         2439    .text._ZN4mbed8FilePath6existsEv  BUILD/NUCLEO_F401RE/ARMC6/mbed-os/platform/source/FilePath.o
    0x08003e0a   0x00000002   PAD
    0x08003e0c   0x00000016   Code   RO         2435    .text._ZN4mbed8FilePath6isFileEv  BUILD/NUCLEO_F401RE/ARMC6/mbed-os/platform/source/FilePath.o
    0x08003e22   0x00000002   PAD
    0x08003e24   0x00000004   Code   RO         2429    .text._ZN4mbed8FilePath8fileNameEv  BUILD/NUCLEO_F401RE/ARMC6/mbed-os/platform/source/FilePath.o
    0x08003e28   0x00000088   Code   RO         2427    .text._ZN4mbed8FilePathC2EPKc  BUILD/NUCLEO_F401RE/ARMC6/mbed-os/platform/source/FilePath.o
    0x08003eb0   0x00000018   Code   RO          258    .text._ZN4mbed9DigitalIn4modeE7PinMode  BUILD/NUCLEO_F401RE/ARMC6/mbed-os/drivers/source/DigitalIn.o
    0x08003ec8   0x00000008   Code   RO           62    .text._ZN4mbed9DigitalIn4readEv  BUILD/NUCLEO_F401RE/ARMC6/main.o
    0x08003ed0   0x0000001e   Code   RO           56    .text._ZN4mbed9DigitalInC2E7PinName  BUILD/NUCLEO_F401RE/ARMC6/main.o
    0x08003eee   0x00000002   PAD
    0x08003ef0   0x0000003e   Code   RO         3118    .text._ZNK12DirectSerial4pollEs  BUILD/NUCLEO_F401RE/ARMC6/mbed-os/platform/source/mbed_retarget.o
    0x08003f2e   0x00000002   PAD
    0x08003f30   0x00000040   Code   RO          885    .text._ZNK12SingletonPtrI13PlatformMutexE3getEv  BUILD/NUCLEO_F401RE/ARMC6/mbed-os/drivers/source/SPI.o
    0x08003f70   0x00000008   Code   RO          107    .text._ZNK12SingletonPtrI13PlatformMutexEptEv  BUILD/NUCLEO_F401RE/ARMC6/mbed-os/drivers/source/AnalogIn.o
    0x08003f78   0x00000004   Code   RO          968    .text._ZNK4mbed10FileHandle11is_blockingEv  BUILD/NUCLEO_F401RE/ARMC6/mbed-os/drivers/source/Serial.o
    0x08003f7c   0x00000004   Code   RO          974    .text._ZNK4mbed10FileHandle4pollEs  BUILD/NUCLEO_F401RE/ARMC6/mbed-os/drivers/source/Serial.o
    0x08003f80   0x00000024   Code   RO         1064    .text._ZNK4mbed8CallbackIFvvEE4callEv  BUILD/NUCLEO_F401RE/ARMC6/mbed-os/drivers/source/SerialBase.o
    0x08003fa4   0x00000008   Code   RO          509    .text._ZNK4mbed8CallbackIFvvEEclEv  BUILD/NUCLEO_F401RE/ARMC6/mbed-os/drivers/source/InterruptIn.o
    0x08003fac   0x0000000a   Code   RO          505    .text._ZNK4mbed8CallbackIFvvEEcvbEv  BUILD/NUCLEO_F401RE/ARMC6/mbed-os/drivers/source/InterruptIn.o
    0x08003fb6   0x00000002   PAD
    0x08003fb8   0x00000008   Code   RO         3262    .text._ZdlPv        BUILD/NUCLEO_F401RE/ARMC6/mbed-os/platform/source/mbed_retarget.o
    0x08003fc0   0x00000010   Code   RO         7160    .text.__NVIC_EnableIRQ  BUILD/NUCLEO_F401RE/ARMC6/mbed-os/targets/TARGET_STM/us_ticker.o
    0x08003fd0   0x00000020   Code   RO         3677    .text.__NVIC_SetPriorityGrouping  BUILD/NUCLEO_F401RE/ARMC6/mbed-os/targets/TARGET_STM/TARGET_STM32F4/device/stm32f4xx_hal_cortex.o
    0x08003ff0   0x00000018   Code   RO         7158    .text.__NVIC_SetVector  BUILD/NUCLEO_F401RE/ARMC6/mbed-os/targets/TARGET_STM/us_ticker.o
    0x08004008   0x00000004   Code   RO         3228    .text.__cxa_atexit  BUILD/NUCLEO_F401RE/ARMC6/mbed-os/platform/source/mbed_retarget.o
    0x0800400c   0x00000058   Code   RO         3248    .text.__cxa_guard_acquire  BUILD/NUCLEO_F401RE/ARMC6/mbed-os/platform/source/mbed_retarget.o
    0x08004064   0x0000002e   Code   RO         3250    .text.__cxa_guard_release  BUILD/NUCLEO_F401RE/ARMC6/mbed-os/platform/source/mbed_retarget.o
    0x08004092   0x00000002   PAD
    0x08004094   0x00000028   Code   RO         7448    .text.__cxa_pure_virtual  c:\ProgramData\Mbed Studio\mbed-studio-tools\ac6\bin\..\lib\libcxx\libcppabi_w.l(cxa_virtual.cpp.o)
    0x080040bc   0x00000012   Code   RO            3    .text.__cxx_global_var_init  BUILD/NUCLEO_F401RE/ARMC6/main.o
    0x080040ce   0x00000002   PAD
    0x080040d0   0x00000012   Code   RO            5    .text.__cxx_global_var_init.1  BUILD/NUCLEO_F401RE/ARMC6/main.o
    0x080040e2   0x00000002   PAD
    0x080040e4   0x00000012   Code   RO            7    .text.__cxx_global_var_init.2  BUILD/NUCLEO_F401RE/ARMC6/main.o
    0x080040f6   0x00000002   PAD
    0x080040f8   0x00000012   Code   RO            9    .text.__cxx_global_var_init.3  BUILD/NUCLEO_F401RE/ARMC6/main.o
    0x0800410a   0x00000002   PAD
    0x0800410c   0x00000012   Code   RO           11    .text.__cxx_global_var_init.4  BUILD/NUCLEO_F401RE/ARMC6/main.o
    0x0800411e   0x00000002   PAD
    0x08004120   0x00000012   Code   RO           13    .text.__cxx_global_var_init.5  BUILD/NUCLEO_F401RE/ARMC6/main.o
    0x08004132   0x00000002   PAD
    0x08004134   0x00000028   Code   RO           15    .text.__cxx_global_var_init.6  BUILD/NUCLEO_F401RE/ARMC6/main.o
    0x0800415c   0x00000028   Code   RO           17    .text.__cxx_global_var_init.7  BUILD/NUCLEO_F401RE/ARMC6/main.o
    0x08004184   0x0000011c   Code   RO         3495    .text._analogin_init_direct  BUILD/NUCLEO_F401RE/ARMC6/mbed-os/targets/TARGET_STM/TARGET_STM32F4/analogin_device.o
    0x080042a0   0x00000024   Code   RO         1974    .text._gpio_init_in  BUILD/NUCLEO_F401RE/ARMC6/mbed-os/hal/mbed_gpio.o
    0x080042c4   0x00000030   Code   RO         1980    .text._gpio_init_out  BUILD/NUCLEO_F401RE/ARMC6/mbed-os/hal/mbed_gpio.o
    0x080042f4   0x00000010   Code   RO         3359    .text._platform_post_stackheap_init  BUILD/NUCLEO_F401RE/ARMC6/mbed-os/platform/source/mbed_sdk_boot.o
    0x08004304   0x00000178   Code   RO         6994    .text._serial_init_direct  BUILD/NUCLEO_F401RE/ARMC6/mbed-os/targets/TARGET_STM/serial_api.o
    0x0800447c   0x00000008   Code   RO         3154    .text._sys_close    BUILD/NUCLEO_F401RE/ARMC6/mbed-os/platform/source/mbed_retarget.o
    0x08004484   0x00000002   Code   RO         3162    .text._sys_exit     BUILD/NUCLEO_F401RE/ARMC6/mbed-os/platform/source/mbed_retarget.o
    0x08004486   0x00000002   PAD
    0x08004488   0x00000028   Code   RO         3182    .text._sys_flen     BUILD/NUCLEO_F401RE/ARMC6/mbed-os/platform/source/mbed_retarget.o
    0x080044b0   0x00000008   Code   RO         3170    .text._sys_istty    BUILD/NUCLEO_F401RE/ARMC6/mbed-os/platform/source/mbed_retarget.o
    0x080044b8   0x0000006a   Code   RO         3146    .text._sys_open     BUILD/NUCLEO_F401RE/ARMC6/mbed-os/platform/source/mbed_retarget.o
    0x08004522   0x00000002   PAD
    0x08004524   0x0000000a   Code   RO         3172    .text._sys_seek     BUILD/NUCLEO_F401RE/ARMC6/mbed-os/platform/source/mbed_retarget.o
    0x0800452e   0x00000002   PAD
    0x08004530   0x00000036   Code   RO         3158    .text._sys_write    BUILD/NUCLEO_F401RE/ARMC6/mbed-os/platform/source/mbed_retarget.o
    0x08004566   0x00000002   PAD
    0x08004568   0x00000030   Code   RO         2107    .text._ticker_match_interval_passed  BUILD/NUCLEO_F401RE/ARMC6/mbed-os/hal/mbed_ticker_api.o
    0x08004598   0x00000018   Code   RO         3164    .text._ttywrch      BUILD/NUCLEO_F401RE/ARMC6/mbed-os/platform/source/mbed_retarget.o
    0x080045b0   0x00000008   Code   RO         3410    .text._wait_us_inline  BUILD/NUCLEO_F401RE/ARMC6/mbed-os/platform/source/mbed_wait_api_no_rtos.o
    0x080045b8   0x00000016   Code   RO         3412    .text._wait_us_ticks  BUILD/NUCLEO_F401RE/ARMC6/mbed-os/platform/source/mbed_wait_api_no_rtos.o
    0x080045ce   0x00000004   Code   RO         7650    .text.abort_message  c:\ProgramData\Mbed Studio\mbed-studio-tools\ac6\bin\..\lib\libcxx\libcppabi_w.l(abort_message.cpp.o)
    0x080045d2   0x00000002   PAD
    0x080045d4   0x000000e2   Code   RO         3497    .text.adc_read      BUILD/NUCLEO_F401RE/ARMC6/mbed-os/targets/TARGET_STM/TARGET_STM32F4/analogin_device.o
    0x080046b6   0x00000002   PAD
    0x080046b8   0x00000048   Code   RO         3493    .text.analogin_init  BUILD/NUCLEO_F401RE/ARMC6/mbed-os/targets/TARGET_STM/TARGET_STM32F4/analogin_device.o
    0x08004700   0x0000001c   Code   RO         6604    .text.analogin_read  BUILD/NUCLEO_F401RE/ARMC6/mbed-os/targets/TARGET_STM/analogin_api.o
    0x0800471c   0x0000000c   Code   RO         1943    .text.are_interrupts_enabled  BUILD/NUCLEO_F401RE/ARMC6/mbed-os/hal/mbed_critical_section_api.o
    0x08004728   0x00000002   Code   RO         2155    .text.block_us_ticker_free  BUILD/NUCLEO_F401RE/ARMC6/mbed-os/hal/mbed_us_ticker_api.o
    0x0800472a   0x00000002   PAD
    0x0800472c   0x0000003a   Code   RO         3156    .text.close         BUILD/NUCLEO_F401RE/ARMC6/mbed-os/platform/source/mbed_retarget.o
    0x08004766   0x00000002   PAD
    0x08004768   0x000000a6   Code   RO         2139    .text.compute_tick_round_up  BUILD/NUCLEO_F401RE/ARMC6/mbed-os/hal/mbed_ticker_api.o
    0x0800480e   0x00000002   PAD
    0x08004810   0x0000000c   Code   RO         2879    .text.core_util_are_interrupts_enabled  BUILD/NUCLEO_F401RE/ARMC6/mbed-os/platform/source/mbed_critical.o
    0x0800481c   0x00000012   Code   RO         2772    .text.core_util_atomic_decr_u16  BUILD/NUCLEO_F401RE/ARMC6/mbed-os/platform/source/mbed_atomic_impl.o
    0x0800482e   0x00000002   PAD
    0x08004830   0x0000000c   Code   RO         2758    .text.core_util_atomic_exchange_u8  BUILD/NUCLEO_F401RE/ARMC6/mbed-os/platform/source/mbed_atomic_impl.o
    0x0800483c   0x00000016   Code   RO         2756    .text.core_util_atomic_flag_test_and_set  BUILD/NUCLEO_F401RE/ARMC6/mbed-os/platform/source/mbed_atomic_impl.o
    0x08004852   0x00000002   PAD
    0x08004854   0x00000012   Code   RO         2766    .text.core_util_atomic_incr_u16  BUILD/NUCLEO_F401RE/ARMC6/mbed-os/platform/source/mbed_atomic_impl.o
    0x08004866   0x00000002   PAD
    0x08004868   0x00000084   Code   RO         2885    .text.core_util_critical_section_enter  BUILD/NUCLEO_F401RE/ARMC6/mbed-os/platform/source/mbed_critical.o
    0x080048ec   0x0000001e   Code   RO         2887    .text.core_util_critical_section_exit  BUILD/NUCLEO_F401RE/ARMC6/mbed-os/platform/source/mbed_critical.o
    0x0800490a   0x00000002   PAD
    0x0800490c   0x0000000c   Code   RO         2881    .text.core_util_is_isr_active  BUILD/NUCLEO_F401RE/ARMC6/mbed-os/platform/source/mbed_critical.o
    0x08004918   0x00000054   Code   RO         7002    .text.debug         BUILD/NUCLEO_F401RE/ARMC6/mbed-os/targets/TARGET_STM/serial_api.o
    0x0800496c   0x00000064   Code   RO         2898    .text.error         BUILD/NUCLEO_F401RE/ARMC6/mbed-os/platform/source/mbed_error.o
    0x080049d0   0x0000002e   Code   RO         3224    .text.exit          BUILD/NUCLEO_F401RE/ARMC6/mbed-os/platform/source/mbed_retarget.o
    0x080049fe   0x00000002   PAD
    0x08004a00   0x0000002a   Code   RO         3180    .text.fsync         BUILD/NUCLEO_F401RE/ARMC6/mbed-os/platform/source/mbed_retarget.o
    0x08004a2a   0x00000002   PAD
    0x08004a2c   0x00000038   Code   RO         7022    .text.get_uart_index  BUILD/NUCLEO_F401RE/ARMC6/mbed-os/targets/TARGET_STM/serial_api.o
    0x08004a64   0x0000000a   Code   RO         2149    .text.get_us_ticker_data  BUILD/NUCLEO_F401RE/ARMC6/mbed-os/hal/mbed_us_ticker_api.o
    0x08004a6e   0x00000002   PAD
    0x08004a70   0x00000016   Code   RO         6624    .text.gpio_dir      BUILD/NUCLEO_F401RE/ARMC6/mbed-os/targets/TARGET_STM/gpio_api.o
    0x08004a86   0x00000002   PAD
    0x08004a88   0x00000046   Code   RO         6620    .text.gpio_init     BUILD/NUCLEO_F401RE/ARMC6/mbed-os/targets/TARGET_STM/gpio_api.o
    0x08004ace   0x00000002   PAD
    0x08004ad0   0x0000000a   Code   RO         1970    .text.gpio_init_in  BUILD/NUCLEO_F401RE/ARMC6/mbed-os/hal/mbed_gpio.o
    0x08004ada   0x00000002   PAD
    0x08004adc   0x00000008   Code   RO         1972    .text.gpio_init_in_ex  BUILD/NUCLEO_F401RE/ARMC6/mbed-os/hal/mbed_gpio.o
    0x08004ae4   0x0000000a   Code   RO         1976    .text.gpio_init_out  BUILD/NUCLEO_F401RE/ARMC6/mbed-os/hal/mbed_gpio.o
    0x08004aee   0x00000002   PAD
    0x08004af0   0x0000000c   Code   RO         1978    .text.gpio_init_out_ex  BUILD/NUCLEO_F401RE/ARMC6/mbed-os/hal/mbed_gpio.o
    0x08004afc   0x0000000c   Code   RO         6622    .text.gpio_mode     BUILD/NUCLEO_F401RE/ARMC6/mbed-os/targets/TARGET_STM/gpio_api.o
    0x08004b08   0x00000064   Code   RO         6618    .text.gpio_set      BUILD/NUCLEO_F401RE/ARMC6/mbed-os/targets/TARGET_STM/gpio_api.o
    0x08004b6c   0x00000014   Code   RO         1968    .text.gpio_write    BUILD/NUCLEO_F401RE/ARMC6/mbed-os/hal/mbed_gpio.o
    0x08004b80   0x00000014   Code   RO         2858    .text.gpio_write    BUILD/NUCLEO_F401RE/ARMC6/mbed-os/platform/source/mbed_board.o
    0x08004b94   0x0000002c   Code   RO         1941    .text.hal_critical_section_enter  BUILD/NUCLEO_F401RE/ARMC6/mbed-os/hal/mbed_critical_section_api.o
    0x08004bc0   0x0000007c   Code   RO         1945    .text.hal_critical_section_exit  BUILD/NUCLEO_F401RE/ARMC6/mbed-os/hal/mbed_critical_section_api.o
    0x08004c3c   0x000000e2   Code   RO         2900    .text.handle_error  BUILD/NUCLEO_F401RE/ARMC6/mbed-os/platform/source/mbed_error.o
    0x08004d1e   0x00000002   PAD
    0x08004d20   0x0000009e   Code   RO         7156    .text.init_32bit_timer  BUILD/NUCLEO_F401RE/ARMC6/mbed-os/targets/TARGET_STM/us_ticker.o
    0x08004dbe   0x00000002   PAD
    0x08004dc0   0x00000064   Code   RO         7000    .text.init_uart     BUILD/NUCLEO_F401RE/ARMC6/mbed-os/targets/TARGET_STM/serial_api.o
    0x08004e24   0x00000150   Code   RO         2111    .text.initialize    BUILD/NUCLEO_F401RE/ARMC6/mbed-os/hal/mbed_ticker_api.o
    0x08004f74   0x00000026   Code   RO         3138    .text.isatty        BUILD/NUCLEO_F401RE/ARMC6/mbed-os/platform/source/mbed_retarget.o
    0x08004f9a   0x00000002   PAD
    0x08004f9c   0x00000030   Code   RO         3174    .text.lseek         BUILD/NUCLEO_F401RE/ARMC6/mbed-os/platform/source/mbed_retarget.o
    0x08004fcc   0x00000092   Code   RO           23    .text.main          BUILD/NUCLEO_F401RE/ARMC6/main.o
    0x0800505e   0x00000002   PAD
    0x08005060   0x0000001a   Code   RO         2747    .text.mbed_assert_internal  BUILD/NUCLEO_F401RE/ARMC6/mbed-os/platform/source/mbed_assert.o
    0x0800507a   0x00000002   PAD
    0x0800507c   0x0000002c   Code   RO         3355    .text.mbed_copy_nvic  BUILD/NUCLEO_F401RE/ARMC6/mbed-os/platform/source/mbed_sdk_boot.o
    0x080050a8   0x0000006c   Code   RO         2860    .text.mbed_die      BUILD/NUCLEO_F401RE/ARMC6/mbed-os/platform/source/mbed_board.o
    0x08005114   0x00000036   Code   RO         2920    .text.mbed_error    BUILD/NUCLEO_F401RE/ARMC6/mbed-os/platform/source/mbed_error.o
    0x0800514a   0x00000002   PAD
    0x0800514c   0x00000014   Code   RO         2938    .text.mbed_error_is_hw_fault  BUILD/NUCLEO_F401RE/ARMC6/mbed-os/platform/source/mbed_error.o
    0x08005160   0x00000020   Code   RO         2862    .text.mbed_error_printf  BUILD/NUCLEO_F401RE/ARMC6/mbed-os/platform/source/mbed_board.o
    0x08005180   0x00000028   Code   RO         2866    .text.mbed_error_puts  BUILD/NUCLEO_F401RE/ARMC6/mbed-os/platform/source/mbed_board.o
    0x080051a8   0x00000034   Code   RO         2864    .text.mbed_error_vprintf  BUILD/NUCLEO_F401RE/ARMC6/mbed-os/platform/source/mbed_board.o
    0x080051dc   0x000000f8   Code   RO         2706    .text.mbed_fault_handler  BUILD/NUCLEO_F401RE/ARMC6/mbed-os/platform/source/TARGET_CORTEX_M/mbed_fault_handler.o
    0x080052d4   0x00000038   Code   RO         2904    .text.mbed_halt_system  BUILD/NUCLEO_F401RE/ARMC6/mbed-os/platform/source/mbed_error.o
    0x0800530c   0x00000002   Code   RO         3349    .text.mbed_main     BUILD/NUCLEO_F401RE/ARMC6/mbed-os/platform/source/mbed_sdk_boot.o
    0x0800530e   0x00000002   PAD
    0x08005310   0x00000020   Code   RO         6835    .text.mbed_sdk_init  BUILD/NUCLEO_F401RE/ARMC6/mbed-os/targets/TARGET_STM/mbed_overrides.o
    0x08005330   0x0000007c   Code   RO         3148    .text.open          BUILD/NUCLEO_F401RE/ARMC6/mbed-os/platform/source/mbed_retarget.o
    0x080053ac   0x000000b8   Code   RO         6844    .text.pin_function  BUILD/NUCLEO_F401RE/ARMC6/mbed-os/targets/TARGET_STM/pinmap.o
    0x08005464   0x0000008c   Code   RO         6856    .text.pin_mode      BUILD/NUCLEO_F401RE/ARMC6/mbed-os/targets/TARGET_STM/pinmap.o
    0x080054f0   0x00000026   Code   RO         2066    .text.pinmap_find_function  BUILD/NUCLEO_F401RE/ARMC6/mbed-os/hal/mbed_pinmap_common.o
    0x08005516   0x00000002   PAD
    0x08005518   0x00000028   Code   RO         2062    .text.pinmap_find_peripheral  BUILD/NUCLEO_F401RE/ARMC6/mbed-os/hal/mbed_pinmap_common.o
    0x08005540   0x00000048   Code   RO         2060    .text.pinmap_merge  BUILD/NUCLEO_F401RE/ARMC6/mbed-os/hal/mbed_pinmap_common.o
    0x08005588   0x0000005c   Code   RO         2064    .text.pinmap_peripheral  BUILD/NUCLEO_F401RE/ARMC6/mbed-os/hal/mbed_pinmap_common.o
    0x080055e4   0x00000164   Code   RO         2708    .text.print_context_info  BUILD/NUCLEO_F401RE/ARMC6/mbed-os/platform/source/TARGET_CORTEX_M/mbed_fault_handler.o
    0x08005748   0x000001ac   Code   RO         2902    .text.print_error_report  BUILD/NUCLEO_F401RE/ARMC6/mbed-os/platform/source/mbed_error.o
    0x080058f4   0x000000cc   Code   RO         2119    .text.schedule_interrupt  BUILD/NUCLEO_F401RE/ARMC6/mbed-os/hal/mbed_ticker_api.o
    0x080059c0   0x00000018   Code   RO         6998    .text.serial_baud   BUILD/NUCLEO_F401RE/ARMC6/mbed-os/targets/TARGET_STM/serial_api.o
    0x080059d8   0x00000026   Code   RO         6538    .text.serial_getc   BUILD/NUCLEO_F401RE/ARMC6/mbed-os/targets/TARGET_STM/TARGET_STM32F4/serial_device.o
    0x080059fe   0x00000002   PAD
    0x08005a00   0x000000d8   Code   RO         6992    .text.serial_init   BUILD/NUCLEO_F401RE/ARMC6/mbed-os/targets/TARGET_STM/serial_api.o
    0x08005ad8   0x00000012   Code   RO         2200    .text.serial_init_direct  BUILD/NUCLEO_F401RE/ARMC6/mbed-os/hal/static_pinmap.o
    0x08005aea   0x00000002   PAD
    0x08005aec   0x00000026   Code   RO         6540    .text.serial_putc   BUILD/NUCLEO_F401RE/ARMC6/mbed-os/targets/TARGET_STM/TARGET_STM32F4/serial_device.o
    0x08005b12   0x00000002   PAD
    0x08005b14   0x0000002e   Code   RO         7014    .text.serial_readable  BUILD/NUCLEO_F401RE/ARMC6/mbed-os/targets/TARGET_STM/serial_api.o
    0x08005b42   0x00000002   PAD
    0x08005b44   0x00000016   Code   RO         7016    .text.serial_writable  BUILD/NUCLEO_F401RE/ARMC6/mbed-os/targets/TARGET_STM/serial_api.o
    0x08005b5a   0x00000002   PAD
    0x08005b5c   0x00000006   Code   RO         2113    .text.set_handler   BUILD/NUCLEO_F401RE/ARMC6/mbed-os/hal/mbed_ticker_api.o
    0x08005b62   0x00000002   PAD
    0x08005b64   0x00000058   Code   RO         3089    .text.sleep_manager_lock_deep_sleep_internal  BUILD/NUCLEO_F401RE/ARMC6/mbed-os/platform/source/mbed_power_mgmt.o
    0x08005bbc   0x00000058   Code   RO         3091    .text.sleep_manager_unlock_deep_sleep_internal  BUILD/NUCLEO_F401RE/ARMC6/mbed-os/platform/source/mbed_power_mgmt.o
    0x08005c14   0x00000016   Code   RO         6854    .text.stm_pin_PullConfig  BUILD/NUCLEO_F401RE/ARMC6/mbed-os/targets/TARGET_STM/pinmap.o
    0x08005c2a   0x00000002   PAD
    0x08005c2c   0x00000022   Code   RO         6848    .text.stm_pin_SetAFPin  BUILD/NUCLEO_F401RE/ARMC6/mbed-os/targets/TARGET_STM/pinmap.o
    0x08005c4e   0x00000002   PAD
    0x08005c50   0x0000007e   Code   RO         2125    .text.ticker_insert_event_us  BUILD/NUCLEO_F401RE/ARMC6/mbed-os/hal/mbed_ticker_api.o
    0x08005cce   0x00000002   PAD
    0x08005cd0   0x0000006e   Code   RO         2115    .text.ticker_irq_handler  BUILD/NUCLEO_F401RE/ARMC6/mbed-os/hal/mbed_ticker_api.o
    0x08005d3e   0x00000002   PAD
    0x08005d40   0x00000022   Code   RO         2131    .text.ticker_read_us  BUILD/NUCLEO_F401RE/ARMC6/mbed-os/hal/mbed_ticker_api.o
    0x08005d62   0x00000002   PAD
    0x08005d64   0x00000038   Code   RO         2127    .text.ticker_remove_event  BUILD/NUCLEO_F401RE/ARMC6/mbed-os/hal/mbed_ticker_api.o
    0x08005d9c   0x0000001c   Code   RO         2109    .text.ticker_set_handler  BUILD/NUCLEO_F401RE/ARMC6/mbed-os/hal/mbed_ticker_api.o
    0x08005db8   0x00000036   Code   RO         7154    .text.timer_irq_handler  BUILD/NUCLEO_F401RE/ARMC6/mbed-os/targets/TARGET_STM/us_ticker.o
    0x08005dee   0x00000002   PAD
    0x08005df0   0x000000ec   Code   RO         2117    .text.update_present_time  BUILD/NUCLEO_F401RE/ARMC6/mbed-os/hal/mbed_ticker_api.o
    0x08005edc   0x00000012   Code   RO         7174    .text.us_ticker_clear_interrupt  BUILD/NUCLEO_F401RE/ARMC6/mbed-os/targets/TARGET_STM/us_ticker.o
    0x08005eee   0x00000002   PAD
    0x08005ef0   0x00000014   Code   RO         7172    .text.us_ticker_disable_interrupt  BUILD/NUCLEO_F401RE/ARMC6/mbed-os/targets/TARGET_STM/us_ticker.o
    0x08005f04   0x00000022   Code   RO         7168    .text.us_ticker_fire_interrupt  BUILD/NUCLEO_F401RE/ARMC6/mbed-os/targets/TARGET_STM/us_ticker.o
    0x08005f26   0x00000002   PAD
    0x08005f28   0x0000000a   Code   RO         7152    .text.us_ticker_get_info  BUILD/NUCLEO_F401RE/ARMC6/mbed-os/targets/TARGET_STM/us_ticker.o
    0x08005f32   0x00000002   PAD
    0x08005f34   0x0000001c   Code   RO         7162    .text.us_ticker_init  BUILD/NUCLEO_F401RE/ARMC6/mbed-os/targets/TARGET_STM/us_ticker.o
    0x08005f50   0x0000001e   Code   RO         2153    .text.us_ticker_irq_handler  BUILD/NUCLEO_F401RE/ARMC6/mbed-os/hal/mbed_us_ticker_api.o
    0x08005f6e   0x00000002   PAD
    0x08005f70   0x0000000c   Code   RO         7164    .text.us_ticker_read  BUILD/NUCLEO_F401RE/ARMC6/mbed-os/targets/TARGET_STM/us_ticker.o
    0x08005f7c   0x0000001c   Code   RO         7166    .text.us_ticker_set_interrupt  BUILD/NUCLEO_F401RE/ARMC6/mbed-os/targets/TARGET_STM/us_ticker.o
    0x08005f98   0x00000030   Code   RO         3160    .text.write         BUILD/NUCLEO_F401RE/ARMC6/mbed-os/platform/source/mbed_retarget.o
    0x08005fc8   0x0000003e   Code   RO         7793    CL$$btod_d2e        c:\ProgramData\Mbed Studio\mbed-studio-tools\ac6\bin\..\lib\armlib\c_w.l(btod.o)
    0x08006006   0x00000046   Code   RO         7795    CL$$btod_d2e_denorm_low  c:\ProgramData\Mbed Studio\mbed-studio-tools\ac6\bin\..\lib\armlib\c_w.l(btod.o)
    0x0800604c   0x00000060   Code   RO         7794    CL$$btod_d2e_norm_op1  c:\ProgramData\Mbed Studio\mbed-studio-tools\ac6\bin\..\lib\armlib\c_w.l(btod.o)
    0x080060ac   0x00000338   Code   RO         7803    CL$$btod_div_common  c:\ProgramData\Mbed Studio\mbed-studio-tools\ac6\bin\..\lib\armlib\c_w.l(btod.o)
    0x080063e4   0x000000dc   Code   RO         7800    CL$$btod_e2e        c:\ProgramData\Mbed Studio\mbed-studio-tools\ac6\bin\..\lib\armlib\c_w.l(btod.o)
    0x080064c0   0x0000002a   Code   RO         7797    CL$$btod_ediv       c:\ProgramData\Mbed Studio\mbed-studio-tools\ac6\bin\..\lib\armlib\c_w.l(btod.o)
    0x080064ea   0x0000002a   Code   RO         7796    CL$$btod_emul       c:\ProgramData\Mbed Studio\mbed-studio-tools\ac6\bin\..\lib\armlib\c_w.l(btod.o)
    0x08006514   0x00000244   Code   RO         7802    CL$$btod_mult_common  c:\ProgramData\Mbed Studio\mbed-studio-tools\ac6\bin\..\lib\armlib\c_w.l(btod.o)
    0x08006758   0x00000030   Code   RO         7858    i.__ARM_fpclassify  c:\ProgramData\Mbed Studio\mbed-studio-tools\ac6\bin\..\lib\armlib\m_wm.l(fpclassify.o)
    0x08006788   0x0000000e   Code   RO         7337    i._is_digit         c:\ProgramData\Mbed Studio\mbed-studio-tools\ac6\bin\..\lib\armlib\c_w.l(__printf_wp.o)
    0x08006796   0x0000001a   Code   RO         7367    i.fputc             c:\ProgramData\Mbed Studio\mbed-studio-tools\ac6\bin\..\lib\armlib\c_w.l(fputc.o)
    0x080067b0   0x0000002c   Code   RO         7823    locale$$code        c:\ProgramData\Mbed Studio\mbed-studio-tools\ac6\bin\..\lib\armlib\c_w.l(lc_numeric_c.o)
    0x080067dc   0x0000002c   Code   RO         7881    locale$$code        c:\ProgramData\Mbed Studio\mbed-studio-tools\ac6\bin\..\lib\armlib\c_w.l(lc_ctype_c.o)
    0x08006808   0x00000062   Code   RO         7429    x$fpl$d2f           c:\ProgramData\Mbed Studio\mbed-studio-tools\ac6\bin\..\lib\armlib\fz_wm.l(d2f.o)
    0x0800686a   0x00000002   PAD
    0x0800686c   0x00000154   Code   RO         7441    x$fpl$dmul          c:\ProgramData\Mbed Studio\mbed-studio-tools\ac6\bin\..\lib\armlib\fz_wm.l(dmul.o)
    0x080069c0   0x0000009c   Code   RO         7630    x$fpl$dnaninf       c:\ProgramData\Mbed Studio\mbed-studio-tools\ac6\bin\..\lib\armlib\fz_wm.l(dnaninf.o)
    0x08006a5c   0x0000000c   Code   RO         7632    x$fpl$dretinf       c:\ProgramData\Mbed Studio\mbed-studio-tools\ac6\bin\..\lib\armlib\fz_wm.l(dretinf.o)
    0x08006a68   0x00000056   Code   RO         7443    x$fpl$f2d           c:\ProgramData\Mbed Studio\mbed-studio-tools\ac6\bin\..\lib\armlib\fz_wm.l(f2d.o)
    0x08006abe   0x00000060   Code   RO         7445    x$fpl$ffltll        c:\ProgramData\Mbed Studio\mbed-studio-tools\ac6\bin\..\lib\armlib\fz_wm.l(ffltll_clz.o)
    0x08006b1e   0x0000008c   Code   RO         7634    x$fpl$fnaninf       c:\ProgramData\Mbed Studio\mbed-studio-tools\ac6\bin\..\lib\armlib\fz_wm.l(fnaninf.o)
    0x08006baa   0x0000001a   Code   RO         7773    x$fpl$fpinit        c:\ProgramData\Mbed Studio\mbed-studio-tools\ac6\bin\..\lib\armlib\fz_wm.l(fpinit.o)
    0x08006bc4   0x0000000a   Code   RO         7636    x$fpl$fretinf       c:\ProgramData\Mbed Studio\mbed-studio-tools\ac6\bin\..\lib\armlib\fz_wm.l(fretinf.o)
    0x08006bce   0x00000004   Code   RO         7638    x$fpl$printf1       c:\ProgramData\Mbed Studio\mbed-studio-tools\ac6\bin\..\lib\armlib\fz_wm.l(printf1.o)
    0x08006bd2   0x00000004   Code   RO         7640    x$fpl$printf2       c:\ProgramData\Mbed Studio\mbed-studio-tools\ac6\bin\..\lib\armlib\fz_wm.l(printf2.o)
    0x08006bd6   0x00000000   Code   RO         7648    x$fpl$usenofp       c:\ProgramData\Mbed Studio\mbed-studio-tools\ac6\bin\..\lib\armlib\fz_wm.l(usenofp.o)
    0x08006bd6   0x00000028   Data   RO         7325    .constdata          c:\ProgramData\Mbed Studio\mbed-studio-tools\ac6\bin\..\lib\armlib\c_w.l(_printf_hex_int_ll_ptr.o)
    0x08006bfe   0x00000011   Data   RO         7345    .constdata          c:\ProgramData\Mbed Studio\mbed-studio-tools\ac6\bin\..\lib\armlib\c_w.l(__printf_flags_ss_wp.o)
    0x08006c0f   0x00000001   PAD
    0x08006c10   0x00000008   Data   RO         7507    .constdata          c:\ProgramData\Mbed Studio\mbed-studio-tools\ac6\bin\..\lib\armlib\c_w.l(_printf_wctomb.o)
    0x08006c18   0x00000026   Data   RO         7692    .constdata          c:\ProgramData\Mbed Studio\mbed-studio-tools\ac6\bin\..\lib\armlib\c_w.l(_printf_fp_hex.o)
    0x08006c3e   0x00000002   PAD
    0x08006c40   0x00000094   Data   RO         7791    .constdata          c:\ProgramData\Mbed Studio\mbed-studio-tools\ac6\bin\..\lib\armlib\c_w.l(bigflt0.o)
    0x08006cd4   0x00000000   Data   RO         3361    .rodata             BUILD/NUCLEO_F401RE/ARMC6/mbed-os/platform/source/mbed_sdk_boot.o
    0x08006cd4   0x00000010   Data   RO         6466    .rodata.AHBPrescTable  BUILD/NUCLEO_F401RE/ARMC6/mbed-os/targets/TARGET_STM/TARGET_STM32F4/device/system_stm32f4xx.o
    0x08006ce4   0x00000008   Data   RO         6467    .rodata.APBPrescTable  BUILD/NUCLEO_F401RE/ARMC6/mbed-os/targets/TARGET_STM/TARGET_STM32F4/device/system_stm32f4xx.o
    0x08006cec   0x000000b4   Data   RO         3455    .rodata.PinMap_ADC  BUILD/NUCLEO_F401RE/ARMC6/mbed-os/targets/TARGET_STM/TARGET_STM32F4/TARGET_STM32F401xE/TARGET_NUCLEO_F401RE/PeripheralPins.o
    0x08006da0   0x00000030   Data   RO         3456    .rodata.PinMap_ADC_Internal  BUILD/NUCLEO_F401RE/ARMC6/mbed-os/targets/TARGET_STM/TARGET_STM32F4/TARGET_STM32F401xE/TARGET_NUCLEO_F401RE/PeripheralPins.o
    0x08006dd0   0x00000048   Data   RO         3461    .rodata.PinMap_UART_RX  BUILD/NUCLEO_F401RE/ARMC6/mbed-os/targets/TARGET_STM/TARGET_STM32F4/TARGET_STM32F401xE/TARGET_NUCLEO_F401RE/PeripheralPins.o
    0x08006e18   0x00000048   Data   RO         3460    .rodata.PinMap_UART_TX  BUILD/NUCLEO_F401RE/ARMC6/mbed-os/targets/TARGET_STM/TARGET_STM32F4/TARGET_STM32F401xE/TARGET_NUCLEO_F401RE/PeripheralPins.o
    0x08006e60   0x0000000a   Data   RO           42    .rodata._ZL11SEGMENT_MAP  BUILD/NUCLEO_F401RE/ARMC6/main.o
    0x08006e6a   0x00000002   PAD
    0x08006e6c   0x0000005c   Data   RO         3285    .rodata._ZTV12DirectSerial  BUILD/NUCLEO_F401RE/ARMC6/mbed-os/platform/source/mbed_retarget.o
    0x08006ec8   0x0000005c   Data   RO         2412    .rodata._ZTVN4mbed10FileHandleE  BUILD/NUCLEO_F401RE/ARMC6/mbed-os/platform/source/FileHandle.o
    0x08006f24   0x00000014   Data   RO         1179    .rodata._ZTVN4mbed10TimerEventE  BUILD/NUCLEO_F401RE/ARMC6/mbed-os/drivers/source/TimerEvent.o
    0x08006f38   0x00000014   Data   RO         1107    .rodata._ZTVN4mbed6TickerE  BUILD/NUCLEO_F401RE/ARMC6/mbed-os/drivers/source/Ticker.o
    0x08006f4c   0x00000018   Data   RO          121    .rodata._ZTVN4mbed8AnalogInE  BUILD/NUCLEO_F401RE/ARMC6/mbed-os/drivers/source/AnalogIn.o
    0x08006f64   0x00000018   Data   RO         3294    .rodata._ZZL15default_consolevE14console_pinmap  BUILD/NUCLEO_F401RE/ARMC6/mbed-os/platform/source/mbed_retarget.o
    0x08006f7c   0x0000000c   Data   RO           80    .rodata._ZZN4mbed8CallbackIFvvEE8generateIPS1_EEvRKT_E3ops  BUILD/NUCLEO_F401RE/ARMC6/main.o
    0x08006f88   0x00000008   Data   RO         3282    .rodata.__stderr_name  BUILD/NUCLEO_F401RE/ARMC6/mbed-os/platform/source/mbed_retarget.o
    0x08006f90   0x00000007   Data   RO         3280    .rodata.__stdin_name  BUILD/NUCLEO_F401RE/ARMC6/mbed-os/platform/source/mbed_retarget.o
    0x08006f97   0x00000008   Data   RO         3281    .rodata.__stdout_name  BUILD/NUCLEO_F401RE/ARMC6/mbed-os/platform/source/mbed_retarget.o
    0x08006f9f   0x00000004   Data   RO           43    .rodata.cst4        BUILD/NUCLEO_F401RE/ARMC6/main.o
    0x08006fa3   0x00000001   PAD
    0x08006fa4   0x00000040   Data   RO         6866    .rodata.ll_pin_defines  BUILD/NUCLEO_F401RE/ARMC6/mbed-os/targets/TARGET_STM/pinmap.o
    0x08006fe4   0x00000004   Data   RO         2713    .rodata.mbed_fault_context  BUILD/NUCLEO_F401RE/ARMC6/mbed-os/platform/source/TARGET_CORTEX_M/mbed_fault_handler.o
    0x08006fe8   0x00000045   Data   RO          829    .rodata.str1.1      BUILD/NUCLEO_F401RE/ARMC6/mbed-os/drivers/source/SPI.o
    0x0800702d   0x00000023   Data   RO         1054    .rodata.str1.1      BUILD/NUCLEO_F401RE/ARMC6/mbed-os/drivers/source/SerialBase.o
    0x08007050   0x000000e0   Data   RO         2714    .rodata.str1.1      BUILD/NUCLEO_F401RE/ARMC6/mbed-os/platform/source/TARGET_CORTEX_M/mbed_fault_handler.o
    0x08007130   0x000000f2   Data   RO         2946    .rodata.str1.1      BUILD/NUCLEO_F401RE/ARMC6/mbed-os/platform/source/mbed_error.o
    0x08007222   0x00000063   Data   RO         3288    .rodata.str1.1      BUILD/NUCLEO_F401RE/ARMC6/mbed-os/platform/source/mbed_retarget.o
    0x08007285   0x0000003e   Data   RO         3503    .rodata.str1.1      BUILD/NUCLEO_F401RE/ARMC6/mbed-os/targets/TARGET_STM/TARGET_STM32F4/analogin_device.o
    0x080072c3   0x00000039   Data   RO         6867    .rodata.str1.1      BUILD/NUCLEO_F401RE/ARMC6/mbed-os/targets/TARGET_STM/pinmap.o
    0x080072fc   0x0000002a   Data   RO         7031    .rodata.str1.1      BUILD/NUCLEO_F401RE/ARMC6/mbed-os/targets/TARGET_STM/serial_api.o
    0x08007326   0x00000002   PAD
    0x08007328   0x00000008   Data   RO         2157    .rodata.us_data     BUILD/NUCLEO_F401RE/ARMC6/mbed-os/hal/mbed_us_ticker_api.o
    0x08007330   0x00000024   Data   RO         2159    .rodata.us_interface  BUILD/NUCLEO_F401RE/ARMC6/mbed-os/hal/mbed_us_ticker_api.o
    0x08007354   0x00000008   Data   RO         7182    .rodata.us_ticker_get_info.info  BUILD/NUCLEO_F401RE/ARMC6/mbed-os/targets/TARGET_STM/us_ticker.o
    0x0800735c   0x00000020   Data   RO         7953    Region$$Table       anon$$obj.o
    0x0800737c   0x0000001c   Data   RO         7822    locale$$data        c:\ProgramData\Mbed Studio\mbed-studio-tools\ac6\bin\..\lib\armlib\c_w.l(lc_numeric_c.o)
    0x08007398   0x00000110   Data   RO         7880    locale$$data        c:\ProgramData\Mbed Studio\mbed-studio-tools\ac6\bin\..\lib\armlib\c_w.l(lc_ctype_c.o)
    0x080074a8   0x00000004   Data   RO           44    .init_array         BUILD/NUCLEO_F401RE/ARMC6/main.o
    0x080074ac   0x00000000   Data   RO         7424    .init_array         c:\ProgramData\Mbed Studio\mbed-studio-tools\ac6\bin\..\lib\armlib\c_w.l(init_aeabi.o)


    Execution Region RW_IRAM1 (Base: 0x20000198, Size: 0x00000548, Max: 0x00016e68, ABSOLUTE)

    Base Addr    Size         Type   Attr      Idx    E Section Name        Object

    0x20000198   0x00000004   Data   RW         7383    .data               c:\ProgramData\Mbed Studio\mbed-studio-tools\ac6\bin\..\lib\armlib\c_w.l(stdio_streams.o)
    0x2000019c   0x00000004   Data   RW         7384    .data               c:\ProgramData\Mbed Studio\mbed-studio-tools\ac6\bin\..\lib\armlib\c_w.l(stdio_streams.o)
    0x200001a0   0x00000004   Data   RW         7385    .data               c:\ProgramData\Mbed Studio\mbed-studio-tools\ac6\bin\..\lib\armlib\c_w.l(stdio_streams.o)
    0x200001a4   0x00000004   Data   RW         6465    .data.SystemCoreClock  BUILD/NUCLEO_F401RE/ARMC6/mbed-os/targets/TARGET_STM/TARGET_STM32F4/device/system_stm32f4xx.o
    0x200001a8   0x00000040   Data   RW         3293    .data._ZL11filehandles  BUILD/NUCLEO_F401RE/ARMC6/mbed-os/platform/source/mbed_retarget.o
    0x200001e8   0x00000004   Data   RW         2158    .data.irq_handler   BUILD/NUCLEO_F401RE/ARMC6/mbed-os/hal/mbed_us_ticker_api.o
    0x200001ec   0x00000004   Zero   RW         7220    .bss                c:\ProgramData\Mbed Studio\mbed-studio-tools\ac6\bin\..\lib\armlib\c_w.l(rt_errno_addr.o)
    0x200001f0   0x00000054   Zero   RW         7380    .bss                c:\ProgramData\Mbed Studio\mbed-studio-tools\ac6\bin\..\lib\armlib\c_w.l(stdio_streams.o)
    0x20000244   0x00000054   Zero   RW         7381    .bss                c:\ProgramData\Mbed Studio\mbed-studio-tools\ac6\bin\..\lib\armlib\c_w.l(stdio_streams.o)
    0x20000298   0x00000054   Zero   RW         7382    .bss                c:\ProgramData\Mbed Studio\mbed-studio-tools\ac6\bin\..\lib\armlib\c_w.l(stdio_streams.o)
    0x200002ec   0x00000004   Zero   RW         7466    .bss                c:\ProgramData\Mbed Studio\mbed-studio-tools\ac6\bin\..\lib\armlib\c_w.l(rt_heap_descriptor.o)
    0x200002f0   0x00000014   Zero   RW         7780    .bss                c:\ProgramData\Mbed Studio\mbed-studio-tools\ac6\bin\..\lib\armlib\c_w.l(rt_locale.o)
    0x20000304   0x0000001c   Zero   RW           34    .bss.S1             BUILD/NUCLEO_F401RE/ARMC6/main.o
    0x20000320   0x0000001c   Zero   RW           35    .bss.S3             BUILD/NUCLEO_F401RE/ARMC6/main.o
    0x2000033c   0x0000003c   Zero   RW         7183    .bss.TimMasterHandle  BUILD/NUCLEO_F401RE/ARMC6/mbed-os/targets/TARGET_STM/us_ticker.o
    0x20000378   0x00000004   Zero   RW         3296    .bss._ZGVZL15default_consolevE7console  BUILD/NUCLEO_F401RE/ARMC6/mbed-os/platform/source/mbed_retarget.o
    0x2000037c   0x00000008   Zero   RW         3292    .bss._ZL16filehandle_mutex  BUILD/NUCLEO_F401RE/ARMC6/mbed-os/platform/source/mbed_retarget.o
    0x20000384   0x00000008   Zero   RW           91    .bss._ZN4mbed8AnalogIn6_mutexE  BUILD/NUCLEO_F401RE/ARMC6/mbed-os/drivers/source/AnalogIn.o
    0x2000038c   0x00000004   Zero   RW         2398    .bss._ZN4mbed8FileBase5_headE  BUILD/NUCLEO_F401RE/ARMC6/mbed-os/platform/source/FileBase.o
    0x20000390   0x00000008   Zero   RW         2399    .bss._ZN4mbed8FileBase6_mutexE  BUILD/NUCLEO_F401RE/ARMC6/mbed-os/platform/source/FileBase.o
    0x20000398   0x00000004   Zero   RW         2400    .bss._ZN4mbed8FileBase8_defaultE  BUILD/NUCLEO_F401RE/ARMC6/mbed-os/platform/source/FileBase.o
    0x2000039c   0x00000004   Zero   RW         3295    .bss._ZZL15default_consolevE7console  BUILD/NUCLEO_F401RE/ARMC6/mbed-os/platform/source/mbed_retarget.o
    0x200003a0   0x0000001c   Zero   RW           32    .bss.clockPin       BUILD/NUCLEO_F401RE/ARMC6/main.o
    0x200003bc   0x00000001   Zero   RW         1950    .bss.critical_interrupts_enabled  BUILD/NUCLEO_F401RE/ARMC6/mbed-os/hal/mbed_critical_section_api.o
    0x200003bd   0x00000003   PAD
    0x200003c0   0x00000004   Zero   RW         2889    .bss.critical_section_reentrancy_counter  BUILD/NUCLEO_F401RE/ARMC6/mbed-os/platform/source/mbed_critical.o
    0x200003c4   0x00000004   Zero   RW           41    .bss.current_digit  BUILD/NUCLEO_F401RE/ARMC6/main.o
    0x200003c8   0x0000001c   Zero   RW           33    .bss.data           BUILD/NUCLEO_F401RE/ARMC6/main.o
    0x200003e4   0x00000002   Zero   RW         3099    .bss.deep_sleep_lock  BUILD/NUCLEO_F401RE/ARMC6/mbed-os/platform/source/mbed_power_mgmt.o
    0x200003e6   0x00000002   PAD
    0x200003e8   0x00000040   Zero   RW           38    .bss.displayTicker  BUILD/NUCLEO_F401RE/ARMC6/main.o
    0x20000428   0x00000004   Zero   RW         2943    .bss.error_count    BUILD/NUCLEO_F401RE/ARMC6/mbed-os/platform/source/mbed_error.o
    0x2000042c   0x00000004   Zero   RW         2944    .bss.error_hook     BUILD/NUCLEO_F401RE/ARMC6/mbed-os/platform/source/mbed_error.o
    0x20000430   0x00000040   Zero   RW         2160    .bss.events         BUILD/NUCLEO_F401RE/ARMC6/mbed-os/hal/mbed_us_ticker_api.o
    0x20000470   0x00000054   Zero   RW         2712    .bss.fault_context  BUILD/NUCLEO_F401RE/ARMC6/mbed-os/platform/source/TARGET_CORTEX_M/mbed_fault_handler.o
    0x200004c4   0x00000034   Zero   RW         2942    .bss.first_error_ctx  BUILD/NUCLEO_F401RE/ARMC6/mbed-os/platform/source/mbed_error.o
    0x200004f8   0x00000001   Zero   RW         2945    .bss.halt_in_progress  BUILD/NUCLEO_F401RE/ARMC6/mbed-os/platform/source/mbed_error.o
    0x200004f9   0x00000003   PAD
    0x200004fc   0x00000034   Zero   RW         2941    .bss.last_error_ctx  BUILD/NUCLEO_F401RE/ARMC6/mbed-os/platform/source/mbed_error.o
    0x20000530   0x0000001c   Zero   RW           31    .bss.latch          BUILD/NUCLEO_F401RE/ARMC6/main.o
    0x2000054c   0x00000001   Zero   RW         2940    .bss.mbed_error_in_progress  BUILD/NUCLEO_F401RE/ARMC6/mbed-os/platform/source/mbed_error.o
    0x2000054d   0x00000003   PAD
    0x20000550   0x00000004   Zero   RW         6837    .bss.mbed_sdk_inited  BUILD/NUCLEO_F401RE/ARMC6/mbed-os/targets/TARGET_STM/mbed_overrides.o
    0x20000554   0x00000004   Zero   RW           39    .bss.minutes        BUILD/NUCLEO_F401RE/ARMC6/main.o
    0x20000558   0x00000050   Zero   RW           36    .bss.pot            BUILD/NUCLEO_F401RE/ARMC6/main.o
    0x200005a8   0x00000004   Zero   RW           40    .bss.seconds        BUILD/NUCLEO_F401RE/ARMC6/main.o
    0x200005ac   0x00000001   Zero   RW         1949    .bss.state_saved    BUILD/NUCLEO_F401RE/ARMC6/mbed-os/hal/mbed_critical_section_api.o
    0x200005ad   0x00000003   PAD
    0x200005b0   0x0000004c   Zero   RW         7032    .bss.stdio_uart     BUILD/NUCLEO_F401RE/ARMC6/mbed-os/targets/TARGET_STM/serial_api.o
    0x200005fc   0x00000004   Zero   RW         7030    .bss.stdio_uart_inited  BUILD/NUCLEO_F401RE/ARMC6/mbed-os/targets/TARGET_STM/serial_api.o
    0x20000600   0x00000020   Zero   RW           37    .bss.timer          BUILD/NUCLEO_F401RE/ARMC6/main.o
    0x20000620   0x000000c0   Zero   RW         6582    .bss.uart_handlers  BUILD/NUCLEO_F401RE/ARMC6/mbed-os/targets/TARGET_STM/TARGET_STM32F4/serial_device.o


    Execution Region ARM_LIB_STACK (Base: 0x20017000, Size: 0x00001000, Max: 0x00001000, ABSOLUTE)

    Base Addr    Size         Type   Attr      Idx    E Section Name        Object

    0x20017000   0x00001000   Zero   RW            1    ARM_LIB_STACK.bss   anon$$obj.o


==============================================================================

Image component sizes


      Code (inc. data)   RO Data    RW Data    ZI Data      Debug   

     16246       1438       2112         72       5084     818134   Object Totals
         0          0         32          0       4096          0   (incl. Generated)
       248          0          5          0         14          0   (incl. Padding)
     10956        538        554         12        280       8552   Library Totals
        30          0          3          0          0          0   (incl. Padding)

==============================================================================


      Code (inc. data)   RO Data    RW Data    ZI Data      Debug   

     27202       1976       2666         84       5364     820726   Grand Totals
     27202       1976       2666         84       5364     820726   ELF Image Totals
     27202       1976       2666         84          0          0   ROM Totals

==============================================================================

    Total RO  Size (Code + RO Data)                29868 (  29.17kB)
    Total RW  Size (RW Data + ZI Data)              5448 (   5.32kB)
    Total ROM Size (Code + RO Data + RW Data)      29952 (  29.25kB)

==============================================================================

